<?xml version="1.0" encoding="ISO-8859-1" ?>
<link_info>
   <banner>TI ARM Linker Unix v18.1.1.LTS</banner>
   <copyright>Copyright (c) 1996-2017 Texas Instruments Incorporated</copyright>
   <link_time>0x5b1d0f08</link_time>
   <link_errors>0x0</link_errors>
   <output_file>VL53L1.out</output_file>
   <entry_point>
      <name>_c_int00_noargs</name>
      <address>0xba6d</address>
   </entry_point>
   <input_file_list>
      <input_file id="fl-2">
         <path>./</path>
         <kind>object</kind>
         <file>main.obj</file>
         <name>main.obj</name>
      </input_file>
      <input_file id="fl-3">
         <path>./</path>
         <kind>object</kind>
         <file>tm4c123gh6pm_startup_ccs.obj</file>
         <name>tm4c123gh6pm_startup_ccs.obj</name>
      </input_file>
      <input_file id="fl-4">
         <path>./core/src/</path>
         <kind>object</kind>
         <file>vl53l1_api.obj</file>
         <name>vl53l1_api.obj</name>
      </input_file>
      <input_file id="fl-5">
         <path>./core/src/</path>
         <kind>object</kind>
         <file>vl53l1_api_calibration.obj</file>
         <name>vl53l1_api_calibration.obj</name>
      </input_file>
      <input_file id="fl-6">
         <path>./core/src/</path>
         <kind>object</kind>
         <file>vl53l1_api_core.obj</file>
         <name>vl53l1_api_core.obj</name>
      </input_file>
      <input_file id="fl-7">
         <path>./core/src/</path>
         <kind>object</kind>
         <file>vl53l1_api_debug.obj</file>
         <name>vl53l1_api_debug.obj</name>
      </input_file>
      <input_file id="fl-8">
         <path>./core/src/</path>
         <kind>object</kind>
         <file>vl53l1_api_preset_modes.obj</file>
         <name>vl53l1_api_preset_modes.obj</name>
      </input_file>
      <input_file id="fl-9">
         <path>./core/src/</path>
         <kind>object</kind>
         <file>vl53l1_api_strings.obj</file>
         <name>vl53l1_api_strings.obj</name>
      </input_file>
      <input_file id="fl-a">
         <path>./core/src/</path>
         <kind>object</kind>
         <file>vl53l1_core.obj</file>
         <name>vl53l1_core.obj</name>
      </input_file>
      <input_file id="fl-b">
         <path>./core/src/</path>
         <kind>object</kind>
         <file>vl53l1_core_support.obj</file>
         <name>vl53l1_core_support.obj</name>
      </input_file>
      <input_file id="fl-c">
         <path>./core/src/</path>
         <kind>object</kind>
         <file>vl53l1_error_strings.obj</file>
         <name>vl53l1_error_strings.obj</name>
      </input_file>
      <input_file id="fl-d">
         <path>./core/src/</path>
         <kind>object</kind>
         <file>vl53l1_register_funcs.obj</file>
         <name>vl53l1_register_funcs.obj</name>
      </input_file>
      <input_file id="fl-e">
         <path>./core/src/</path>
         <kind>object</kind>
         <file>vl53l1_silicon_core.obj</file>
         <name>vl53l1_silicon_core.obj</name>
      </input_file>
      <input_file id="fl-f">
         <path>./core/src/</path>
         <kind>object</kind>
         <file>vl53l1_wait.obj</file>
         <name>vl53l1_wait.obj</name>
      </input_file>
      <input_file id="fl-10">
         <path>./platform/src/</path>
         <kind>object</kind>
         <file>vl53l1_i2c_comms.obj</file>
         <name>vl53l1_i2c_comms.obj</name>
      </input_file>
      <input_file id="fl-11">
         <path>./platform/src/</path>
         <kind>object</kind>
         <file>vl53l1_platform.obj</file>
         <name>vl53l1_platform.obj</name>
      </input_file>
      <input_file id="fl-16">
         <kind>object</kind>
         <file>&lt;internal&gt;</file>
         <name>&lt;internal&gt;</name>
      </input_file>
      <input_file id="fl-cc">
         <path>/home/igor/ti/ccsv8/tools/compiler/ti-cgt-arm_18.1.1.LTS/lib/</path>
         <kind>archive</kind>
         <file>rtsv7M4_T_le_v4SPD16_eabi.lib</file>
         <name>memcpy_t2.asm.obj</name>
      </input_file>
      <input_file id="fl-cd">
         <path>/home/igor/ti/ccsv8/tools/compiler/ti-cgt-arm_18.1.1.LTS/lib/</path>
         <kind>archive</kind>
         <file>rtsv7M4_T_le_v4SPD16_eabi.lib</file>
         <name>memset_t2.asm.obj</name>
      </input_file>
      <input_file id="fl-ce">
         <path>/home/igor/ti/ccsv8/tools/compiler/ti-cgt-arm_18.1.1.LTS/lib/</path>
         <kind>archive</kind>
         <file>rtsv7M4_T_le_v4SPD16_eabi.lib</file>
         <name>copy_zero_init.c.obj</name>
      </input_file>
      <input_file id="fl-cf">
         <path>/home/igor/ti/ccsv8/tools/compiler/ti-cgt-arm_18.1.1.LTS/lib/</path>
         <kind>archive</kind>
         <file>rtsv7M4_T_le_v4SPD16_eabi.lib</file>
         <name>copy_decompress_none.c.obj</name>
      </input_file>
      <input_file id="fl-d0">
         <path>/home/igor/ti/ccsv8/tools/compiler/ti-cgt-arm_18.1.1.LTS/lib/</path>
         <kind>archive</kind>
         <file>rtsv7M4_T_le_v4SPD16_eabi.lib</file>
         <name>copy_decompress_lzss.c.obj</name>
      </input_file>
      <input_file id="fl-d1">
         <path>/home/igor/ti/ccsv8/tools/compiler/ti-cgt-arm_18.1.1.LTS/lib/</path>
         <kind>archive</kind>
         <file>rtsv7M4_T_le_v4SPD16_eabi.lib</file>
         <name>boot_cortex_m.c.obj</name>
      </input_file>
      <input_file id="fl-d2">
         <path>/home/igor/ti/ccsv8/tools/compiler/ti-cgt-arm_18.1.1.LTS/lib/</path>
         <kind>archive</kind>
         <file>rtsv7M4_T_le_v4SPD16_eabi.lib</file>
         <name>exit.c.obj</name>
      </input_file>
      <input_file id="fl-d3">
         <path>/home/igor/ti/ccsv8/tools/compiler/ti-cgt-arm_18.1.1.LTS/lib/</path>
         <kind>archive</kind>
         <file>rtsv7M4_T_le_v4SPD16_eabi.lib</file>
         <name>_lock.c.obj</name>
      </input_file>
      <input_file id="fl-d4">
         <path>/home/igor/ti/ccsv8/tools/compiler/ti-cgt-arm_18.1.1.LTS/lib/</path>
         <kind>archive</kind>
         <file>rtsv7M4_T_le_v4SPD16_eabi.lib</file>
         <name>args_main.c.obj</name>
      </input_file>
      <input_file id="fl-d5">
         <path>/home/igor/ti/ccsv8/tools/compiler/ti-cgt-arm_18.1.1.LTS/lib/</path>
         <kind>archive</kind>
         <file>rtsv7M4_T_le_v4SPD16_eabi.lib</file>
         <name>printf.c.obj</name>
      </input_file>
      <input_file id="fl-d6">
         <path>/home/igor/ti/ccsv8/tools/compiler/ti-cgt-arm_18.1.1.LTS/lib/</path>
         <kind>archive</kind>
         <file>rtsv7M4_T_le_v4SPD16_eabi.lib</file>
         <name>strncpy.c.obj</name>
      </input_file>
      <input_file id="fl-d7">
         <path>/home/igor/ti/ccsv8/tools/compiler/ti-cgt-arm_18.1.1.LTS/lib/</path>
         <kind>archive</kind>
         <file>rtsv7M4_T_le_v4SPD16_eabi.lib</file>
         <name>autoinit.c.obj</name>
      </input_file>
      <input_file id="fl-d8">
         <path>/home/igor/ti/ccsv8/tools/compiler/ti-cgt-arm_18.1.1.LTS/lib/</path>
         <kind>archive</kind>
         <file>rtsv7M4_T_le_v4SPD16_eabi.lib</file>
         <name>pre_init.c.obj</name>
      </input_file>
      <input_file id="fl-d9">
         <path>/home/igor/ti/ccsv8/tools/compiler/ti-cgt-arm_18.1.1.LTS/lib/</path>
         <kind>archive</kind>
         <file>rtsv7M4_T_le_v4SPD16_eabi.lib</file>
         <name>cpy_tbl.c.obj</name>
      </input_file>
      <input_file id="fl-da">
         <path>/home/igor/ti/ccsv8/tools/compiler/ti-cgt-arm_18.1.1.LTS/lib/</path>
         <kind>archive</kind>
         <file>rtsv7M4_T_le_v4SPD16_eabi.lib</file>
         <name>_printfi.c.obj</name>
      </input_file>
      <input_file id="fl-db">
         <path>/home/igor/ti/ccsv8/tools/compiler/ti-cgt-arm_18.1.1.LTS/lib/</path>
         <kind>archive</kind>
         <file>rtsv7M4_T_le_v4SPD16_eabi.lib</file>
         <name>atoi.c.obj</name>
      </input_file>
      <input_file id="fl-dc">
         <path>/home/igor/ti/ccsv8/tools/compiler/ti-cgt-arm_18.1.1.LTS/lib/</path>
         <kind>archive</kind>
         <file>rtsv7M4_T_le_v4SPD16_eabi.lib</file>
         <name>ctype.c.obj</name>
      </input_file>
      <input_file id="fl-dd">
         <path>/home/igor/ti/ccsv8/tools/compiler/ti-cgt-arm_18.1.1.LTS/lib/</path>
         <kind>archive</kind>
         <file>rtsv7M4_T_le_v4SPD16_eabi.lib</file>
         <name>defs.c.obj</name>
      </input_file>
      <input_file id="fl-de">
         <path>/home/igor/ti/ccsv8/tools/compiler/ti-cgt-arm_18.1.1.LTS/lib/</path>
         <kind>archive</kind>
         <file>rtsv7M4_T_le_v4SPD16_eabi.lib</file>
         <name>fputc.c.obj</name>
      </input_file>
      <input_file id="fl-df">
         <path>/home/igor/ti/ccsv8/tools/compiler/ti-cgt-arm_18.1.1.LTS/lib/</path>
         <kind>archive</kind>
         <file>rtsv7M4_T_le_v4SPD16_eabi.lib</file>
         <name>fputs.c.obj</name>
      </input_file>
      <input_file id="fl-e0">
         <path>/home/igor/ti/ccsv8/tools/compiler/ti-cgt-arm_18.1.1.LTS/lib/</path>
         <kind>archive</kind>
         <file>rtsv7M4_T_le_v4SPD16_eabi.lib</file>
         <name>ltoa.c.obj</name>
      </input_file>
      <input_file id="fl-e1">
         <path>/home/igor/ti/ccsv8/tools/compiler/ti-cgt-arm_18.1.1.LTS/lib/</path>
         <kind>archive</kind>
         <file>rtsv7M4_T_le_v4SPD16_eabi.lib</file>
         <name>memccpy.c.obj</name>
      </input_file>
      <input_file id="fl-e2">
         <path>/home/igor/ti/ccsv8/tools/compiler/ti-cgt-arm_18.1.1.LTS/lib/</path>
         <kind>archive</kind>
         <file>rtsv7M4_T_le_v4SPD16_eabi.lib</file>
         <name>memchr.c.obj</name>
      </input_file>
      <input_file id="fl-e3">
         <path>/home/igor/ti/ccsv8/tools/compiler/ti-cgt-arm_18.1.1.LTS/lib/</path>
         <kind>archive</kind>
         <file>rtsv7M4_T_le_v4SPD16_eabi.lib</file>
         <name>strchr.c.obj</name>
      </input_file>
      <input_file id="fl-e4">
         <path>/home/igor/ti/ccsv8/tools/compiler/ti-cgt-arm_18.1.1.LTS/lib/</path>
         <kind>archive</kind>
         <file>rtsv7M4_T_le_v4SPD16_eabi.lib</file>
         <name>strlen.c.obj</name>
      </input_file>
      <input_file id="fl-e5">
         <path>/home/igor/ti/ccsv8/tools/compiler/ti-cgt-arm_18.1.1.LTS/lib/</path>
         <kind>archive</kind>
         <file>rtsv7M4_T_le_v4SPD16_eabi.lib</file>
         <name>write.c.obj</name>
      </input_file>
      <input_file id="fl-e6">
         <path>/home/igor/ti/ccsv8/tools/compiler/ti-cgt-arm_18.1.1.LTS/lib/</path>
         <kind>archive</kind>
         <file>rtsv7M4_T_le_v4SPD16_eabi.lib</file>
         <name>s_frexp.c.obj</name>
      </input_file>
      <input_file id="fl-e7">
         <path>/home/igor/ti/ccsv8/tools/compiler/ti-cgt-arm_18.1.1.LTS/lib/</path>
         <kind>archive</kind>
         <file>rtsv7M4_T_le_v4SPD16_eabi.lib</file>
         <name>s_scalbn.c.obj</name>
      </input_file>
      <input_file id="fl-e8">
         <path>/home/igor/ti/ccsv8/tools/compiler/ti-cgt-arm_18.1.1.LTS/lib/</path>
         <kind>archive</kind>
         <file>rtsv7M4_T_le_v4SPD16_eabi.lib</file>
         <name>s_copysign.c.obj</name>
      </input_file>
      <input_file id="fl-e9">
         <path>/home/igor/ti/ccsv8/tools/compiler/ti-cgt-arm_18.1.1.LTS/lib/</path>
         <kind>archive</kind>
         <file>rtsv7M4_T_le_v4SPD16_eabi.lib</file>
         <name>wcslen.c.obj</name>
      </input_file>
      <input_file id="fl-ea">
         <path>/home/igor/ti/ccsv8/tools/compiler/ti-cgt-arm_18.1.1.LTS/lib/</path>
         <kind>archive</kind>
         <file>rtsv7M4_T_le_v4SPD16_eabi.lib</file>
         <name>fd_add_t2.asm.obj</name>
      </input_file>
      <input_file id="fl-eb">
         <path>/home/igor/ti/ccsv8/tools/compiler/ti-cgt-arm_18.1.1.LTS/lib/</path>
         <kind>archive</kind>
         <file>rtsv7M4_T_le_v4SPD16_eabi.lib</file>
         <name>fd_cmp_t2.asm.obj</name>
      </input_file>
      <input_file id="fl-ec">
         <path>/home/igor/ti/ccsv8/tools/compiler/ti-cgt-arm_18.1.1.LTS/lib/</path>
         <kind>archive</kind>
         <file>rtsv7M4_T_le_v4SPD16_eabi.lib</file>
         <name>fd_div_t2.asm.obj</name>
      </input_file>
      <input_file id="fl-ed">
         <path>/home/igor/ti/ccsv8/tools/compiler/ti-cgt-arm_18.1.1.LTS/lib/</path>
         <kind>archive</kind>
         <file>rtsv7M4_T_le_v4SPD16_eabi.lib</file>
         <name>fd_mul_t2.asm.obj</name>
      </input_file>
      <input_file id="fl-ee">
         <path>/home/igor/ti/ccsv8/tools/compiler/ti-cgt-arm_18.1.1.LTS/lib/</path>
         <kind>archive</kind>
         <file>rtsv7M4_T_le_v4SPD16_eabi.lib</file>
         <name>fd_toi_t2.asm.obj</name>
      </input_file>
      <input_file id="fl-ef">
         <path>/home/igor/ti/ccsv8/tools/compiler/ti-cgt-arm_18.1.1.LTS/lib/</path>
         <kind>archive</kind>
         <file>rtsv7M4_T_le_v4SPD16_eabi.lib</file>
         <name>i_tofd_t2.asm.obj</name>
      </input_file>
      <input_file id="fl-f0">
         <path>/home/igor/ti/ccsv8/tools/compiler/ti-cgt-arm_18.1.1.LTS/lib/</path>
         <kind>archive</kind>
         <file>rtsv7M4_T_le_v4SPD16_eabi.lib</file>
         <name>ull_div_t2.asm.obj</name>
      </input_file>
      <input_file id="fl-f1">
         <path>/home/igor/ti/ccsv8/tools/compiler/ti-cgt-arm_18.1.1.LTS/lib/</path>
         <kind>archive</kind>
         <file>rtsv7M4_T_le_v4SPD16_eabi.lib</file>
         <name>errno.c.obj</name>
      </input_file>
      <input_file id="fl-f2">
         <path>/home/igor/ti/ccsv8/tools/compiler/ti-cgt-arm_18.1.1.LTS/lib/</path>
         <kind>archive</kind>
         <file>rtsv7M4_T_le_v4SPD16_eabi.lib</file>
         <name>_io_perm.c.obj</name>
      </input_file>
      <input_file id="fl-f3">
         <path>/home/igor/ti/ccsv8/tools/compiler/ti-cgt-arm_18.1.1.LTS/lib/</path>
         <kind>archive</kind>
         <file>rtsv7M4_T_le_v4SPD16_eabi.lib</file>
         <name>fflush.c.obj</name>
      </input_file>
      <input_file id="fl-f4">
         <path>/home/igor/ti/ccsv8/tools/compiler/ti-cgt-arm_18.1.1.LTS/lib/</path>
         <kind>archive</kind>
         <file>rtsv7M4_T_le_v4SPD16_eabi.lib</file>
         <name>fseek.c.obj</name>
      </input_file>
      <input_file id="fl-f5">
         <path>/home/igor/ti/ccsv8/tools/compiler/ti-cgt-arm_18.1.1.LTS/lib/</path>
         <kind>archive</kind>
         <file>rtsv7M4_T_le_v4SPD16_eabi.lib</file>
         <name>lseek.c.obj</name>
      </input_file>
      <input_file id="fl-f6">
         <path>/home/igor/ti/ccsv8/tools/compiler/ti-cgt-arm_18.1.1.LTS/lib/</path>
         <kind>archive</kind>
         <file>rtsv7M4_T_le_v4SPD16_eabi.lib</file>
         <name>setvbuf.c.obj</name>
      </input_file>
      <input_file id="fl-f7">
         <path>/home/igor/ti/ccsv8/tools/compiler/ti-cgt-arm_18.1.1.LTS/lib/</path>
         <kind>archive</kind>
         <file>rtsv7M4_T_le_v4SPD16_eabi.lib</file>
         <name>hostclose.c.obj</name>
      </input_file>
      <input_file id="fl-f8">
         <path>/home/igor/ti/ccsv8/tools/compiler/ti-cgt-arm_18.1.1.LTS/lib/</path>
         <kind>archive</kind>
         <file>rtsv7M4_T_le_v4SPD16_eabi.lib</file>
         <name>hostlseek.c.obj</name>
      </input_file>
      <input_file id="fl-f9">
         <path>/home/igor/ti/ccsv8/tools/compiler/ti-cgt-arm_18.1.1.LTS/lib/</path>
         <kind>archive</kind>
         <file>rtsv7M4_T_le_v4SPD16_eabi.lib</file>
         <name>hostopen.c.obj</name>
      </input_file>
      <input_file id="fl-fa">
         <path>/home/igor/ti/ccsv8/tools/compiler/ti-cgt-arm_18.1.1.LTS/lib/</path>
         <kind>archive</kind>
         <file>rtsv7M4_T_le_v4SPD16_eabi.lib</file>
         <name>hostread.c.obj</name>
      </input_file>
      <input_file id="fl-fb">
         <path>/home/igor/ti/ccsv8/tools/compiler/ti-cgt-arm_18.1.1.LTS/lib/</path>
         <kind>archive</kind>
         <file>rtsv7M4_T_le_v4SPD16_eabi.lib</file>
         <name>hostrename.c.obj</name>
      </input_file>
      <input_file id="fl-fc">
         <path>/home/igor/ti/ccsv8/tools/compiler/ti-cgt-arm_18.1.1.LTS/lib/</path>
         <kind>archive</kind>
         <file>rtsv7M4_T_le_v4SPD16_eabi.lib</file>
         <name>hostunlink.c.obj</name>
      </input_file>
      <input_file id="fl-fd">
         <path>/home/igor/ti/ccsv8/tools/compiler/ti-cgt-arm_18.1.1.LTS/lib/</path>
         <kind>archive</kind>
         <file>rtsv7M4_T_le_v4SPD16_eabi.lib</file>
         <name>hostwrite.c.obj</name>
      </input_file>
      <input_file id="fl-fe">
         <path>/home/igor/ti/ccsv8/tools/compiler/ti-cgt-arm_18.1.1.LTS/lib/</path>
         <kind>archive</kind>
         <file>rtsv7M4_T_le_v4SPD16_eabi.lib</file>
         <name>trgmsg.c.obj</name>
      </input_file>
      <input_file id="fl-ff">
         <path>/home/igor/ti/ccsv8/tools/compiler/ti-cgt-arm_18.1.1.LTS/lib/</path>
         <kind>archive</kind>
         <file>rtsv7M4_T_le_v4SPD16_eabi.lib</file>
         <name>div0.asm.obj</name>
      </input_file>
      <input_file id="fl-100">
         <path>/home/igor/ti/ccsv8/tools/compiler/ti-cgt-arm_18.1.1.LTS/lib/</path>
         <kind>archive</kind>
         <file>rtsv7M4_T_le_v4SPD16_eabi.lib</file>
         <name>memory.c.obj</name>
      </input_file>
      <input_file id="fl-101">
         <path>/home/igor/ti/ccsv8/tools/compiler/ti-cgt-arm_18.1.1.LTS/lib/</path>
         <kind>archive</kind>
         <file>rtsv7M4_T_le_v4SPD16_eabi.lib</file>
         <name>fopen.c.obj</name>
      </input_file>
      <input_file id="fl-102">
         <path>/home/igor/ti/ccsv8/tools/compiler/ti-cgt-arm_18.1.1.LTS/lib/</path>
         <kind>archive</kind>
         <file>rtsv7M4_T_le_v4SPD16_eabi.lib</file>
         <name>open.c.obj</name>
      </input_file>
      <input_file id="fl-103">
         <path>/home/igor/ti/ccsv8/tools/compiler/ti-cgt-arm_18.1.1.LTS/lib/</path>
         <kind>archive</kind>
         <file>rtsv7M4_T_le_v4SPD16_eabi.lib</file>
         <name>strcpy.c.obj</name>
      </input_file>
      <input_file id="fl-104">
         <path>/home/igor/ti/ccsv8/tools/compiler/ti-cgt-arm_18.1.1.LTS/lib/</path>
         <kind>archive</kind>
         <file>rtsv7M4_T_le_v4SPD16_eabi.lib</file>
         <name>fclose.c.obj</name>
      </input_file>
      <input_file id="fl-105">
         <path>/home/igor/ti/ccsv8/tools/compiler/ti-cgt-arm_18.1.1.LTS/lib/</path>
         <kind>archive</kind>
         <file>rtsv7M4_T_le_v4SPD16_eabi.lib</file>
         <name>getdevice.c.obj</name>
      </input_file>
      <input_file id="fl-106">
         <path>/home/igor/ti/ccsv8/tools/compiler/ti-cgt-arm_18.1.1.LTS/lib/</path>
         <kind>archive</kind>
         <file>rtsv7M4_T_le_v4SPD16_eabi.lib</file>
         <name>remove.c.obj</name>
      </input_file>
      <input_file id="fl-107">
         <path>/home/igor/ti/ccsv8/tools/compiler/ti-cgt-arm_18.1.1.LTS/lib/</path>
         <kind>archive</kind>
         <file>rtsv7M4_T_le_v4SPD16_eabi.lib</file>
         <name>strcmp.c.obj</name>
      </input_file>
      <input_file id="fl-108">
         <path>/home/igor/ti/ccsv8/tools/compiler/ti-cgt-arm_18.1.1.LTS/lib/</path>
         <kind>archive</kind>
         <file>rtsv7M4_T_le_v4SPD16_eabi.lib</file>
         <name>unlink.c.obj</name>
      </input_file>
      <input_file id="fl-109">
         <path>/home/igor/ti/ccsv8/tools/compiler/ti-cgt-arm_18.1.1.LTS/lib/</path>
         <kind>archive</kind>
         <file>rtsv7M4_T_le_v4SPD16_eabi.lib</file>
         <name>close.c.obj</name>
      </input_file>
      <input_file id="fl-10a">
         <path>/home/igor/ti/tirex-content/TivaWare_C_Series-2.1.3.156/driverlib/ccs/Debug/</path>
         <kind>archive</kind>
         <file>driverlib.lib</file>
         <name>gpio.obj</name>
      </input_file>
      <input_file id="fl-10b">
         <path>/home/igor/ti/tirex-content/TivaWare_C_Series-2.1.3.156/driverlib/ccs/Debug/</path>
         <kind>archive</kind>
         <file>driverlib.lib</file>
         <name>i2c.obj</name>
      </input_file>
      <input_file id="fl-10c">
         <path>/home/igor/ti/tirex-content/TivaWare_C_Series-2.1.3.156/driverlib/ccs/Debug/</path>
         <kind>archive</kind>
         <file>driverlib.lib</file>
         <name>interrupt.obj</name>
      </input_file>
      <input_file id="fl-10d">
         <path>/home/igor/ti/tirex-content/TivaWare_C_Series-2.1.3.156/driverlib/ccs/Debug/</path>
         <kind>archive</kind>
         <file>driverlib.lib</file>
         <name>sysctl.obj</name>
      </input_file>
      <input_file id="fl-10e">
         <path>/home/igor/ti/tirex-content/TivaWare_C_Series-2.1.3.156/driverlib/ccs/Debug/</path>
         <kind>archive</kind>
         <file>driverlib.lib</file>
         <name>cpu.obj</name>
      </input_file>
   </input_file_list>
   <object_component_list>
      <object_component id="oc-f">
         <name>.intvecs</name>
         <load_address>0x0</load_address>
         <run_address>0x0</run_address>
         <size>0x26c</size>
         <input_file_ref idref="fl-3"/>
      </object_component>
      <object_component id="oc-d9">
         <name>.text</name>
         <load_address>0x26c</load_address>
         <run_address>0x26c</run_address>
         <size>0x21ba</size>
         <input_file_ref idref="fl-4"/>
      </object_component>
      <object_component id="oc-2cd">
         <name>.text:_nop</name>
         <load_address>0x2426</load_address>
         <run_address>0x2426</run_address>
         <size>0x2</size>
         <input_file_ref idref="fl-d3"/>
      </object_component>
      <object_component id="oc-19c">
         <name>.text</name>
         <load_address>0x2428</load_address>
         <run_address>0x2428</run_address>
         <size>0x2134</size>
         <input_file_ref idref="fl-6"/>
      </object_component>
      <object_component id="oc-190">
         <name>.text</name>
         <load_address>0x455c</load_address>
         <run_address>0x455c</run_address>
         <size>0x1750</size>
         <input_file_ref idref="fl-a"/>
      </object_component>
      <object_component id="oc-1cf">
         <name>.text</name>
         <load_address>0x5cac</load_address>
         <run_address>0x5cac</run_address>
         <size>0x1280</size>
         <input_file_ref idref="fl-d"/>
      </object_component>
      <object_component id="oc-1dc">
         <name>.text:__TI_printfi</name>
         <load_address>0x6f2c</load_address>
         <run_address>0x6f2c</run_address>
         <size>0xa5e</size>
         <input_file_ref idref="fl-da"/>
      </object_component>
      <object_component id="oc-255">
         <name>.text</name>
         <load_address>0x798a</load_address>
         <run_address>0x798a</run_address>
         <size>0x904</size>
         <input_file_ref idref="fl-8"/>
      </object_component>
      <object_component id="oc-1c6">
         <name>.text</name>
         <load_address>0x828e</load_address>
         <run_address>0x828e</run_address>
         <size>0x7d2</size>
         <input_file_ref idref="fl-5"/>
      </object_component>
      <object_component id="oc-1b7">
         <name>.text</name>
         <load_address>0x8a60</load_address>
         <run_address>0x8a60</run_address>
         <size>0x414</size>
         <input_file_ref idref="fl-f"/>
      </object_component>
      <object_component id="oc-d3">
         <name>.text</name>
         <load_address>0x8e74</load_address>
         <run_address>0x8e74</run_address>
         <size>0x3c4</size>
         <input_file_ref idref="fl-10"/>
      </object_component>
      <object_component id="oc-1ab">
         <name>.text</name>
         <load_address>0x9238</load_address>
         <run_address>0x9238</run_address>
         <size>0x3ac</size>
         <input_file_ref idref="fl-9"/>
      </object_component>
      <object_component id="oc-196">
         <name>.text</name>
         <load_address>0x95e4</load_address>
         <run_address>0x95e4</run_address>
         <size>0x372</size>
         <input_file_ref idref="fl-11"/>
      </object_component>
      <object_component id="oc-3ea">
         <name>.text</name>
         <load_address>0x9956</load_address>
         <run_address>0x9956</run_address>
         <size>0x2</size>
         <input_file_ref idref="fl-ff"/>
      </object_component>
      <object_component id="oc-2a9">
         <name>.text:_pconv_a</name>
         <load_address>0x9958</load_address>
         <run_address>0x9958</run_address>
         <size>0x270</size>
         <input_file_ref idref="fl-da"/>
      </object_component>
      <object_component id="oc-297">
         <name>.text:_pconv_g</name>
         <load_address>0x9bc8</load_address>
         <run_address>0x9bc8</run_address>
         <size>0x1d0</size>
         <input_file_ref idref="fl-da"/>
      </object_component>
      <object_component id="oc-35e">
         <name>.text</name>
         <load_address>0x9d98</load_address>
         <run_address>0x9d98</run_address>
         <size>0x1b6</size>
         <input_file_ref idref="fl-ea"/>
      </object_component>
      <object_component id="oc-2a3">
         <name>.text:_pconv_e</name>
         <load_address>0x9f50</load_address>
         <run_address>0x9f50</run_address>
         <size>0x13c</size>
         <input_file_ref idref="fl-da"/>
      </object_component>
      <object_component id="oc-344">
         <name>.text</name>
         <load_address>0xa08c</load_address>
         <run_address>0xa08c</run_address>
         <size>0x136</size>
         <input_file_ref idref="fl-ec"/>
      </object_component>
      <object_component id="oc-230">
         <name>.text:GPIOPadConfigSet</name>
         <load_address>0xa1c2</load_address>
         <run_address>0xa1c2</run_address>
         <size>0x132</size>
         <input_file_ref idref="fl-10a"/>
      </object_component>
      <object_component id="oc-370">
         <name>.text:fcvt</name>
         <load_address>0xa2f4</load_address>
         <run_address>0xa2f4</run_address>
         <size>0x120</size>
         <input_file_ref idref="fl-da"/>
      </object_component>
      <object_component id="oc-2db">
         <name>.text:fputs</name>
         <load_address>0xa414</load_address>
         <run_address>0xa414</run_address>
         <size>0x114</size>
         <input_file_ref idref="fl-df"/>
      </object_component>
      <object_component id="oc-15e">
         <name>.text:SysCtlClockGet</name>
         <load_address>0xa528</load_address>
         <run_address>0xa528</run_address>
         <size>0x110</size>
         <input_file_ref idref="fl-10d"/>
      </object_component>
      <object_component id="oc-384">
         <name>.text:scalbn</name>
         <load_address>0xa638</load_address>
         <run_address>0xa638</run_address>
         <size>0x110</size>
         <input_file_ref idref="fl-e7"/>
      </object_component>
      <object_component id="oc-33f">
         <name>.text</name>
         <load_address>0xa748</load_address>
         <run_address>0xa748</run_address>
         <size>0xfc</size>
         <input_file_ref idref="fl-ed"/>
      </object_component>
      <object_component id="oc-425">
         <name>.text:setvbuf</name>
         <load_address>0xa844</load_address>
         <run_address>0xa844</run_address>
         <size>0xdc</size>
         <input_file_ref idref="fl-f6"/>
      </object_component>
      <object_component id="oc-453">
         <name>.text:free</name>
         <load_address>0xa920</load_address>
         <run_address>0xa920</run_address>
         <size>0xd8</size>
         <input_file_ref idref="fl-100"/>
      </object_component>
      <object_component id="oc-9f">
         <name>.text</name>
         <load_address>0xa9f8</load_address>
         <run_address>0xa9f8</run_address>
         <size>0xd4</size>
         <input_file_ref idref="fl-2"/>
      </object_component>
      <object_component id="oc-265">
         <name>.text</name>
         <load_address>0xaacc</load_address>
         <run_address>0xaacc</run_address>
         <size>0xb4</size>
         <input_file_ref idref="fl-e"/>
      </object_component>
      <object_component id="oc-28c">
         <name>.text:_ltostr</name>
         <load_address>0xab80</load_address>
         <run_address>0xab80</run_address>
         <size>0xb1</size>
         <input_file_ref idref="fl-da"/>
      </object_component>
      <object_component id="oc-3b">
         <name>.text</name>
         <load_address>0xac32</load_address>
         <run_address>0xac32</run_address>
         <size>0x9c</size>
         <input_file_ref idref="fl-cc"/>
      </object_component>
      <object_component id="oc-338">
         <name>.text</name>
         <load_address>0xacce</load_address>
         <run_address>0xacce</run_address>
         <size>0x96</size>
         <input_file_ref idref="fl-f0"/>
      </object_component>
      <object_component id="oc-24b">
         <name>.text</name>
         <load_address>0xad64</load_address>
         <run_address>0xad64</run_address>
         <size>0x94</size>
         <input_file_ref idref="fl-b"/>
      </object_component>
      <object_component id="oc-2e2">
         <name>.text:fputc</name>
         <load_address>0xadf8</load_address>
         <run_address>0xadf8</run_address>
         <size>0x8c</size>
         <input_file_ref idref="fl-de"/>
      </object_component>
      <object_component id="oc-292">
         <name>.text:__aeabi_cdcmple</name>
         <load_address>0xae84</load_address>
         <run_address>0xae84</run_address>
         <size>0x86</size>
         <input_file_ref idref="fl-eb"/>
      </object_component>
      <object_component id="oc-349">
         <name>.text:__aeabi_cdrcmple</name>
         <load_address>0xaf0a</load_address>
         <run_address>0xaf0a</run_address>
         <size>0x86</size>
         <input_file_ref idref="fl-eb"/>
      </object_component>
      <object_component id="oc-93">
         <name>.text</name>
         <load_address>0xaf90</load_address>
         <run_address>0xaf90</run_address>
         <size>0x7a</size>
         <input_file_ref idref="fl-cd"/>
      </object_component>
      <object_component id="oc-459">
         <name>.text:malloc</name>
         <load_address>0xb00c</load_address>
         <run_address>0xb00c</run_address>
         <size>0x78</size>
         <input_file_ref idref="fl-100"/>
      </object_component>
      <object_component id="oc-49e">
         <name>.text:__TI_closefile</name>
         <load_address>0xb084</load_address>
         <run_address>0xb084</run_address>
         <size>0x74</size>
         <input_file_ref idref="fl-104"/>
      </object_component>
      <object_component id="oc-369">
         <name>.text:_mcpy</name>
         <load_address>0xb0f8</load_address>
         <run_address>0xb0f8</run_address>
         <size>0x6e</size>
         <input_file_ref idref="fl-da"/>
      </object_component>
      <object_component id="oc-4c2">
         <name>.text:HOSTlseek</name>
         <load_address>0xb168</load_address>
         <run_address>0xb168</run_address>
         <size>0x68</size>
         <input_file_ref idref="fl-f8"/>
      </object_component>
      <object_component id="oc-4ce">
         <name>.text:HOSTrename</name>
         <load_address>0xb1d0</load_address>
         <run_address>0xb1d0</run_address>
         <size>0x68</size>
         <input_file_ref idref="fl-fb"/>
      </object_component>
      <object_component id="oc-12">
         <name>.text:decompress:lzss:__TI_decompress_lzss</name>
         <load_address>0xb238</load_address>
         <run_address>0xb238</run_address>
         <size>0x68</size>
         <input_file_ref idref="fl-d0"/>
      </object_component>
      <object_component id="oc-df">
         <name>.text:printf</name>
         <load_address>0xb2a0</load_address>
         <run_address>0xb2a0</run_address>
         <size>0x68</size>
         <input_file_ref idref="fl-d5"/>
      </object_component>
      <object_component id="oc-37e">
         <name>.text:frexp</name>
         <load_address>0xb308</load_address>
         <run_address>0xb308</run_address>
         <size>0x64</size>
         <input_file_ref idref="fl-e6"/>
      </object_component>
      <object_component id="oc-41f">
         <name>.text:fseek</name>
         <load_address>0xb36c</load_address>
         <run_address>0xb36c</run_address>
         <size>0x64</size>
         <input_file_ref idref="fl-f4"/>
      </object_component>
      <object_component id="oc-3b5">
         <name>.text:__TI_wrt_ok</name>
         <load_address>0xb3d0</load_address>
         <run_address>0xb3d0</run_address>
         <size>0x62</size>
         <input_file_ref idref="fl-f2"/>
      </object_component>
      <object_component id="oc-4aa">
         <name>.text:HOSTopen</name>
         <load_address>0xb434</load_address>
         <run_address>0xb434</run_address>
         <size>0x60</size>
         <input_file_ref idref="fl-f9"/>
      </object_component>
      <object_component id="oc-4dd">
         <name>.text:close</name>
         <load_address>0xb494</load_address>
         <run_address>0xb494</run_address>
         <size>0x5c</size>
         <input_file_ref idref="fl-109"/>
      </object_component>
      <object_component id="oc-4b6">
         <name>.text:HOSTread</name>
         <load_address>0xb4f0</load_address>
         <run_address>0xb4f0</run_address>
         <size>0x58</size>
         <input_file_ref idref="fl-fa"/>
      </object_component>
      <object_component id="oc-4bc">
         <name>.text:HOSTwrite</name>
         <load_address>0xb548</load_address>
         <run_address>0xb548</run_address>
         <size>0x58</size>
         <input_file_ref idref="fl-fd"/>
      </object_component>
      <object_component id="oc-29d">
         <name>.text:_pconv_f</name>
         <load_address>0xb5a0</load_address>
         <run_address>0xb5a0</run_address>
         <size>0x56</size>
         <input_file_ref idref="fl-da"/>
      </object_component>
      <object_component id="oc-353">
         <name>.text:ltoa</name>
         <load_address>0xb5f6</load_address>
         <run_address>0xb5f6</run_address>
         <size>0x54</size>
         <input_file_ref idref="fl-e0"/>
      </object_component>
      <object_component id="oc-363">
         <name>.text:_ecpy</name>
         <load_address>0xb64a</load_address>
         <run_address>0xb64a</run_address>
         <size>0x52</size>
         <input_file_ref idref="fl-da"/>
      </object_component>
      <object_component id="oc-146">
         <name>.text:SysCtlPeripheralReset</name>
         <load_address>0xb69c</load_address>
         <run_address>0xb69c</run_address>
         <size>0x50</size>
         <input_file_ref idref="fl-10d"/>
      </object_component>
      <object_component id="oc-164">
         <name>.text:I2CMasterInitExpClk</name>
         <load_address>0xb6ec</load_address>
         <run_address>0xb6ec</run_address>
         <size>0x4c</size>
         <input_file_ref idref="fl-10b"/>
      </object_component>
      <object_component id="oc-3c1">
         <name>.text:__TI_doflush</name>
         <load_address>0xb738</load_address>
         <run_address>0xb738</run_address>
         <size>0x4c</size>
         <input_file_ref idref="fl-f3"/>
      </object_component>
      <object_component id="oc-286">
         <name>.text:atoi</name>
         <load_address>0xb784</load_address>
         <run_address>0xb784</run_address>
         <size>0x4c</size>
         <input_file_ref idref="fl-db"/>
      </object_component>
      <object_component id="oc-14c">
         <name>.text:GPIOPinConfigure</name>
         <load_address>0xb7d0</load_address>
         <run_address>0xb7d0</run_address>
         <size>0x48</size>
         <input_file_ref idref="fl-10a"/>
      </object_component>
      <object_component id="oc-fc">
         <name>.text:exit</name>
         <load_address>0xb818</load_address>
         <run_address>0xb818</run_address>
         <size>0x48</size>
         <input_file_ref idref="fl-d2"/>
      </object_component>
      <object_component id="oc-34e">
         <name>.text</name>
         <load_address>0xb860</load_address>
         <run_address>0xb860</run_address>
         <size>0x48</size>
         <input_file_ref idref="fl-ee"/>
      </object_component>
      <object_component id="oc-4b0">
         <name>.text:HOSTclose</name>
         <load_address>0xb8a8</load_address>
         <run_address>0xb8a8</run_address>
         <size>0x44</size>
         <input_file_ref idref="fl-f7"/>
      </object_component>
      <object_component id="oc-4c8">
         <name>.text:HOSTunlink</name>
         <load_address>0xb8ec</load_address>
         <run_address>0xb8ec</run_address>
         <size>0x44</size>
         <input_file_ref idref="fl-fc"/>
      </object_component>
      <object_component id="oc-102">
         <name>.text:__TI_auto_init_nobinit_nopinit:__TI_auto_init_nobinit_nopinit</name>
         <load_address>0xb930</load_address>
         <run_address>0xb930</run_address>
         <size>0x44</size>
         <input_file_ref idref="fl-d7"/>
      </object_component>
      <object_component id="oc-512">
         <name>.text:getdevice</name>
         <load_address>0xb974</load_address>
         <run_address>0xb974</run_address>
         <size>0x44</size>
         <input_file_ref idref="fl-105"/>
      </object_component>
      <object_component id="oc-376">
         <name>.text:_fcpy</name>
         <load_address>0xb9b8</load_address>
         <run_address>0xb9b8</run_address>
         <size>0x3e</size>
         <input_file_ref idref="fl-da"/>
      </object_component>
      <object_component id="oc-493">
         <name>.text:minsert</name>
         <load_address>0xb9f8</load_address>
         <run_address>0xb9f8</run_address>
         <size>0x3c</size>
         <input_file_ref idref="fl-100"/>
      </object_component>
      <object_component id="oc-4ee">
         <name>.text:__TI_writemsg</name>
         <load_address>0xba34</load_address>
         <run_address>0xba34</run_address>
         <size>0x38</size>
         <input_file_ref idref="fl-fe"/>
      </object_component>
      <object_component id="oc-59">
         <name>.text:_c_int00_noargs:_c_int00_noargs</name>
         <load_address>0xba6c</load_address>
         <run_address>0xba6c</run_address>
         <size>0x38</size>
         <input_file_ref idref="fl-d1"/>
      </object_component>
      <object_component id="oc-487">
         <name>.text:minit</name>
         <load_address>0xbaa4</load_address>
         <run_address>0xbaa4</run_address>
         <size>0x38</size>
         <input_file_ref idref="fl-100"/>
      </object_component>
      <object_component id="oc-1a5">
         <name>.text:strncpy</name>
         <load_address>0xbadc</load_address>
         <run_address>0xbadc</run_address>
         <size>0x36</size>
         <input_file_ref idref="fl-d6"/>
      </object_component>
      <object_component id="oc-140">
         <name>.text:SysCtlPeripheralEnable</name>
         <load_address>0xbb14</load_address>
         <run_address>0xbb14</run_address>
         <size>0x34</size>
         <input_file_ref idref="fl-10d"/>
      </object_component>
      <object_component id="oc-45f">
         <name>.text:__TI_cleanup</name>
         <load_address>0xbb48</load_address>
         <run_address>0xbb48</run_address>
         <size>0x34</size>
         <input_file_ref idref="fl-101"/>
      </object_component>
      <object_component id="oc-4f4">
         <name>.text:__TI_readmsg</name>
         <load_address>0xbb7c</load_address>
         <run_address>0xbb7c</run_address>
         <size>0x34</size>
         <input_file_ref idref="fl-fe"/>
      </object_component>
      <object_component id="oc-534">
         <name>.text:finddevice</name>
         <load_address>0xbbb0</load_address>
         <run_address>0xbbb0</run_address>
         <size>0x30</size>
         <input_file_ref idref="fl-105"/>
      </object_component>
      <object_component id="oc-359">
         <name>.text</name>
         <load_address>0xbbe0</load_address>
         <run_address>0xbbe0</run_address>
         <size>0x2e</size>
         <input_file_ref idref="fl-ef"/>
      </object_component>
      <object_component id="oc-4e3">
         <name>.text:unlink</name>
         <load_address>0xbc10</load_address>
         <run_address>0xbc10</run_address>
         <size>0x2c</size>
         <input_file_ref idref="fl-108"/>
      </object_component>
      <object_component id="oc-22a">
         <name>.text:GPIODirModeSet</name>
         <load_address>0xbc3c</load_address>
         <run_address>0xbc3c</run_address>
         <size>0x2a</size>
         <input_file_ref idref="fl-10a"/>
      </object_component>
      <object_component id="oc-44b">
         <name>.text:lseek</name>
         <load_address>0xbc68</load_address>
         <run_address>0xbc68</run_address>
         <size>0x28</size>
         <input_file_ref idref="fl-f5"/>
      </object_component>
      <object_component id="oc-48d">
         <name>.text:mremove</name>
         <load_address>0xbc90</load_address>
         <run_address>0xbc90</run_address>
         <size>0x28</size>
         <input_file_ref idref="fl-100"/>
      </object_component>
      <object_component id="oc-3c7">
         <name>.text:write</name>
         <load_address>0xbcb8</load_address>
         <run_address>0xbcb8</run_address>
         <size>0x28</size>
         <input_file_ref idref="fl-e5"/>
      </object_component>
      <object_component id="oc-1b1">
         <name>.text</name>
         <load_address>0xbce0</load_address>
         <run_address>0xbce0</run_address>
         <size>0x22</size>
         <input_file_ref idref="fl-c"/>
      </object_component>
      <object_component id="oc-3bb">
         <name>.text:memchr</name>
         <load_address>0xbd02</load_address>
         <run_address>0xbd02</run_address>
         <size>0x20</size>
         <input_file_ref idref="fl-e2"/>
      </object_component>
      <object_component id="oc-2af">
         <name>.text:memccpy</name>
         <load_address>0xbd22</load_address>
         <run_address>0xbd22</run_address>
         <size>0x1c</size>
         <input_file_ref idref="fl-e1"/>
      </object_component>
      <object_component id="oc-549">
         <name>.text:strcmp</name>
         <load_address>0xbd3e</load_address>
         <run_address>0xbd3e</run_address>
         <size>0x18</size>
         <input_file_ref idref="fl-107"/>
      </object_component>
      <object_component id="oc-38a">
         <name>.text:strchr</name>
         <load_address>0xbd56</load_address>
         <run_address>0xbd56</run_address>
         <size>0x16</size>
         <input_file_ref idref="fl-e3"/>
      </object_component>
      <object_component id="oc-403">
         <name>.text:copysign</name>
         <load_address>0xbd6c</load_address>
         <run_address>0xbd6c</run_address>
         <size>0x14</size>
         <input_file_ref idref="fl-e8"/>
      </object_component>
      <object_component id="oc-508">
         <name>.text:strcpy</name>
         <load_address>0xbd80</load_address>
         <run_address>0xbd80</run_address>
         <size>0x14</size>
         <input_file_ref idref="fl-103"/>
      </object_component>
      <object_component id="oc-280">
         <name>.text:strlen</name>
         <load_address>0xbd94</load_address>
         <run_address>0xbd94</run_address>
         <size>0x14</size>
         <input_file_ref idref="fl-e4"/>
      </object_component>
      <object_component id="oc-158">
         <name>.text:GPIOPinTypeI2C</name>
         <load_address>0xbda8</load_address>
         <run_address>0xbda8</run_address>
         <size>0x12</size>
         <input_file_ref idref="fl-10a"/>
      </object_component>
      <object_component id="oc-152">
         <name>.text:GPIOPinTypeI2CSCL</name>
         <load_address>0xbdba</load_address>
         <run_address>0xbdba</run_address>
         <size>0x12</size>
         <input_file_ref idref="fl-10a"/>
      </object_component>
      <object_component id="oc-47">
         <name>.text:decompress:ZI:__TI_zero_init_nomemset:__TI_zero_init_nomemset</name>
         <load_address>0xbdcc</load_address>
         <run_address>0xbdcc</run_address>
         <size>0x12</size>
         <input_file_ref idref="fl-ce"/>
      </object_component>
      <object_component id="oc-2b5">
         <name>.text:wcslen</name>
         <load_address>0xbdde</load_address>
         <run_address>0xbdde</run_address>
         <size>0x12</size>
         <input_file_ref idref="fl-e9"/>
      </object_component>
      <object_component id="oc-18">
         <name>.text:decompress:none:__TI_decompress_none</name>
         <load_address>0xbdf0</load_address>
         <run_address>0xbdf0</run_address>
         <size>0xe</size>
         <input_file_ref idref="fl-cf"/>
      </object_component>
      <object_component id="oc-27">
         <name>.text</name>
         <load_address>0xbdfe</load_address>
         <run_address>0xbdfe</run_address>
         <size>0xc</size>
         <input_file_ref idref="fl-3"/>
      </object_component>
      <object_component id="oc-23c">
         <name>.text:I2CMasterEnable</name>
         <load_address>0xbe0a</load_address>
         <run_address>0xbe0a</run_address>
         <size>0xa</size>
         <input_file_ref idref="fl-10b"/>
      </object_component>
      <object_component id="oc-17c">
         <name>.text:I2CMasterBusy</name>
         <load_address>0xbe14</load_address>
         <run_address>0xbe14</run_address>
         <size>0x8</size>
         <input_file_ref idref="fl-10b"/>
      </object_component>
      <object_component id="oc-16a">
         <name>.text:I2CMasterSlaveAddrSet</name>
         <load_address>0xbe1c</load_address>
         <run_address>0xbe1c</run_address>
         <size>0x8</size>
         <input_file_ref idref="fl-10b"/>
      </object_component>
      <object_component id="oc-2bb">
         <name>.text:__aeabi_errno_addr</name>
         <load_address>0xbe24</load_address>
         <run_address>0xbe24</run_address>
         <size>0x8</size>
         <input_file_ref idref="fl-f1"/>
      </object_component>
      <object_component id="oc-188">
         <name>.text:SysCtlDelay</name>
         <load_address>0xbe2c</load_address>
         <run_address>0xbe2c</run_address>
         <size>0x6</size>
         <input_file_ref idref="fl-10d"/>
      </object_component>
      <object_component id="oc-176">
         <name>.text:I2CMasterControl</name>
         <load_address>0xbe32</load_address>
         <run_address>0xbe32</run_address>
         <size>0x4</size>
         <input_file_ref idref="fl-10b"/>
      </object_component>
      <object_component id="oc-182">
         <name>.text:I2CMasterDataGet</name>
         <load_address>0xbe36</load_address>
         <run_address>0xbe36</run_address>
         <size>0x4</size>
         <input_file_ref idref="fl-10b"/>
      </object_component>
      <object_component id="oc-170">
         <name>.text:I2CMasterDataPut</name>
         <load_address>0xbe3a</load_address>
         <run_address>0xbe3a</run_address>
         <size>0x4</size>
         <input_file_ref idref="fl-10b"/>
      </object_component>
      <object_component id="oc-1ee">
         <name>.text:_outc</name>
         <load_address>0xbe3e</load_address>
         <run_address>0xbe3e</run_address>
         <size>0x4</size>
         <input_file_ref idref="fl-d5"/>
      </object_component>
      <object_component id="oc-1e8">
         <name>.text:_outs</name>
         <load_address>0xbe42</load_address>
         <run_address>0xbe42</run_address>
         <size>0x4</size>
         <input_file_ref idref="fl-d5"/>
      </object_component>
      <object_component id="oc-99">
         <name>.text:_system_pre_init</name>
         <load_address>0xbe46</load_address>
         <run_address>0xbe46</run_address>
         <size>0x4</size>
         <input_file_ref idref="fl-d8"/>
      </object_component>
      <object_component id="oc-f6">
         <name>.text:abort:abort</name>
         <load_address>0xbe4a</load_address>
         <run_address>0xbe4a</run_address>
         <size>0x4</size>
         <input_file_ref idref="fl-d2"/>
      </object_component>
      <object_component id="oc-333">
         <name>.const:.string:_ctypes_</name>
         <load_address>0xbe50</load_address>
         <run_address>0xbe50</run_address>
         <size>0x101</size>
         <input_file_ref idref="fl-dc"/>
      </object_component>
      <object_component id="oc-1bd">
         <name>.const:.string:$P$T0$1</name>
         <load_address>0xbf51</load_address>
         <run_address>0xbf51</run_address>
         <size>0x3</size>
         <input_file_ref idref="fl-4"/>
      </object_component>
      <object_component id="oc-225">
         <name>.const:g_pui32GPIOBaseAddrs</name>
         <load_address>0xbf54</load_address>
         <run_address>0xbf54</run_address>
         <size>0x90</size>
         <input_file_ref idref="fl-10a"/>
      </object_component>
      <object_component id="oc-238">
         <name>.const:g_pui32Xtals</name>
         <load_address>0xbfe4</load_address>
         <run_address>0xbfe4</run_address>
         <size>0x6c</size>
         <input_file_ref idref="fl-10d"/>
      </object_component>
      <object_component id="oc-1c0">
         <name>.const:.string:$P$T1$2</name>
         <load_address>0xc050</load_address>
         <run_address>0xc050</run_address>
         <size>0x3</size>
         <input_file_ref idref="fl-4"/>
      </object_component>
      <object_component id="oc-1c3">
         <name>.const:.string:$P$T2$3</name>
         <load_address>0xc053</load_address>
         <run_address>0xc053</run_address>
         <size>0x3</size>
         <input_file_ref idref="fl-4"/>
      </object_component>
      <object_component id="oc-1cc">
         <name>.const:.string:$P$T3$4</name>
         <load_address>0xc056</load_address>
         <run_address>0xc056</run_address>
         <size>0x2</size>
         <input_file_ref idref="fl-4"/>
      </object_component>
      <object_component id="oc-57f">
         <name>.cinit..data.load</name>
         <load_address>0xc058</load_address>
         <run_address>0xc058</run_address>
         <size>0x85</size>
      </object_component>
      <object_component id="oc-57d">
         <name>__TI_handler_table</name>
         <load_address>0xc0e0</load_address>
         <run_address>0xc0e0</run_address>
         <size>0xc</size>
      </object_component>
      <object_component id="oc-580">
         <name>.cinit..bss.load</name>
         <load_address>0xc0f0</load_address>
         <run_address>0xc0f0</run_address>
         <size>0x8</size>
      </object_component>
      <object_component id="oc-57e">
         <name>__TI_cinit_table</name>
         <load_address>0xc0f8</load_address>
         <run_address>0xc0f8</run_address>
         <size>0x10</size>
      </object_component>
      <object_component id="oc-1a2">
         <name>.data:BDTable</name>
         <load_address>0x200009b8</load_address>
         <run_address>0x200009b8</run_address>
         <size>0x1c</size>
         <input_file_ref idref="fl-4"/>
      </object_component>
      <object_component id="oc-1fc">
         <name>.data:$O1$$</name>
         <load_address>0x200009e4</load_address>
         <run_address>0x200009e4</run_address>
         <size>0xc</size>
         <input_file_ref idref="fl-d2"/>
      </object_component>
      <object_component id="oc-1e2">
         <name>.data:$O1$$</name>
         <load_address>0x200009fc</load_address>
         <run_address>0x200009fc</run_address>
         <size>0x8</size>
         <input_file_ref idref="fl-d3"/>
      </object_component>
      <object_component id="oc-1e5">
         <name>.data:_ftable</name>
         <load_address>0x20000800</load_address>
         <run_address>0x20000800</run_address>
         <size>0xf0</size>
         <input_file_ref idref="fl-dd"/>
      </object_component>
      <object_component id="oc-4a4">
         <name>.data</name>
         <load_address>0x200009d4</load_address>
         <run_address>0x200009d4</run_address>
         <size>0x10</size>
         <input_file_ref idref="fl-dd"/>
      </object_component>
      <object_component id="oc-472">
         <name>.data:_device</name>
         <load_address>0x200008f0</load_address>
         <run_address>0x200008f0</run_address>
         <size>0x78</size>
         <input_file_ref idref="fl-e5"/>
      </object_component>
      <object_component id="oc-431">
         <name>.data:_stream</name>
         <load_address>0x20000968</load_address>
         <run_address>0x20000968</run_address>
         <size>0x50</size>
         <input_file_ref idref="fl-e5"/>
      </object_component>
      <object_component id="oc-39a">
         <name>.data</name>
         <load_address>0x20000a04</load_address>
         <run_address>0x20000a04</run_address>
         <size>0x4</size>
         <input_file_ref idref="fl-f1"/>
      </object_component>
      <object_component id="oc-499">
         <name>.data:$O1$$</name>
         <load_address>0x200009f0</load_address>
         <run_address>0x200009f0</run_address>
         <size>0xc</size>
         <input_file_ref idref="fl-100"/>
      </object_component>
      <object_component id="oc-e5">
         <name>.bss:RangingData$1</name>
         <uninitialized>true</uninitialized>
         <run_address>0x20000bc8</run_address>
         <size>0x1c</size>
         <input_file_ref idref="fl-2"/>
      </object_component>
      <object_component id="oc-51c">
         <name>.bss:_CIOBUF_</name>
         <uninitialized>true</uninitialized>
         <run_address>0x20000a08</run_address>
         <size>0x120</size>
         <input_file_ref idref="fl-fe"/>
      </object_component>
      <object_component id="oc-4e9">
         <name>.common:__TI_tmpnams</name>
         <uninitialized>true</uninitialized>
         <run_address>0x20000b28</run_address>
         <size>0xa0</size>
      </object_component>
      <object_component id="oc-4fa">
         <name>.common:parmbuf</name>
         <uninitialized>true</uninitialized>
         <run_address>0x20000be4</run_address>
         <size>0x8</size>
      </object_component>
      <object_component id="oc-24">
         <name>.sysmem</name>
         <uninitialized>true</uninitialized>
         <run_address>0x20000bf0</run_address>
         <size>0x8</size>
         <input_file_ref idref="fl-100"/>
      </object_component>
      <object_component id="oc-582">
         <name>.sysmem</name>
         <uninitialized>true</uninitialized>
         <run_address>0x20000bf0</run_address>
         <size>0x0</size>
      </object_component>
      <object_component id="oc-21">
         <name>.stack</name>
         <uninitialized>true</uninitialized>
         <run_address>0x20000000</run_address>
         <size>0x4</size>
         <input_file_ref idref="fl-d1"/>
      </object_component>
      <object_component id="oc-581">
         <name>.stack</name>
         <uninitialized>true</uninitialized>
         <run_address>0x20000000</run_address>
         <size>0x0</size>
      </object_component>
      <object_component id="oc-c2">
         <name>.debug_info</name>
         <load_address>0x0</load_address>
         <run_address>0x0</run_address>
         <size>0x6a2</size>
         <input_file_ref idref="fl-2"/>
      </object_component>
      <object_component id="oc-a0">
         <name>.debug_info</name>
         <load_address>0x6a2</load_address>
         <run_address>0x6a2</run_address>
         <size>0x307</size>
         <input_file_ref idref="fl-2"/>
      </object_component>
      <object_component id="oc-136">
         <name>.debug_info</name>
         <load_address>0x9a9</load_address>
         <run_address>0x9a9</run_address>
         <size>0x1895</size>
         <input_file_ref idref="fl-2"/>
      </object_component>
      <object_component id="oc-218">
         <name>.debug_info</name>
         <load_address>0x223e</load_address>
         <run_address>0x223e</run_address>
         <size>0x2230</size>
         <input_file_ref idref="fl-2"/>
      </object_component>
      <object_component id="oc-e7">
         <name>.debug_info</name>
         <load_address>0x446e</load_address>
         <run_address>0x446e</run_address>
         <size>0x73f</size>
         <input_file_ref idref="fl-2"/>
      </object_component>
      <object_component id="oc-ec">
         <name>.debug_info</name>
         <load_address>0x4bad</load_address>
         <run_address>0x4bad</run_address>
         <size>0xec</size>
         <input_file_ref idref="fl-2"/>
      </object_component>
      <object_component id="oc-74">
         <name>.debug_info</name>
         <load_address>0x4c99</load_address>
         <run_address>0x4c99</run_address>
         <size>0x26b</size>
         <input_file_ref idref="fl-2"/>
      </object_component>
      <object_component id="oc-36">
         <name>.debug_info</name>
         <load_address>0x4f04</load_address>
         <run_address>0x4f04</run_address>
         <size>0x84</size>
         <input_file_ref idref="fl-2"/>
      </object_component>
      <object_component id="oc-bd">
         <name>.debug_info</name>
         <load_address>0x4f88</load_address>
         <run_address>0x4f88</run_address>
         <size>0x297</size>
         <input_file_ref idref="fl-2"/>
      </object_component>
      <object_component id="oc-79">
         <name>.debug_info</name>
         <load_address>0x521f</load_address>
         <run_address>0x521f</run_address>
         <size>0xbb</size>
         <input_file_ref idref="fl-2"/>
      </object_component>
      <object_component id="oc-f1">
         <name>.debug_info</name>
         <load_address>0x52da</load_address>
         <run_address>0x52da</run_address>
         <size>0x2c</size>
         <input_file_ref idref="fl-2"/>
      </object_component>
      <object_component id="oc-1d7">
         <name>.debug_info</name>
         <load_address>0x5306</load_address>
         <run_address>0x5306</run_address>
         <size>0x111</size>
         <input_file_ref idref="fl-2"/>
      </object_component>
      <object_component id="oc-27b">
         <name>.debug_info</name>
         <load_address>0x5417</load_address>
         <run_address>0x5417</run_address>
         <size>0x53</size>
         <input_file_ref idref="fl-2"/>
      </object_component>
      <object_component id="oc-13b">
         <name>.debug_info</name>
         <load_address>0x546a</load_address>
         <run_address>0x546a</run_address>
         <size>0x2c</size>
         <input_file_ref idref="fl-2"/>
      </object_component>
      <object_component id="oc-1f6">
         <name>.debug_info</name>
         <load_address>0x5496</load_address>
         <run_address>0x5496</run_address>
         <size>0x2c</size>
         <input_file_ref idref="fl-2"/>
      </object_component>
      <object_component id="oc-2f">
         <name>.debug_info</name>
         <load_address>0x54c2</load_address>
         <run_address>0x54c2</run_address>
         <size>0x2a0</size>
         <input_file_ref idref="fl-3"/>
      </object_component>
      <object_component id="oc-10">
         <name>.debug_info</name>
         <load_address>0x5762</load_address>
         <run_address>0x5762</run_address>
         <size>0xdf</size>
         <input_file_ref idref="fl-3"/>
      </object_component>
      <object_component id="oc-28">
         <name>.debug_info</name>
         <load_address>0x5841</load_address>
         <run_address>0x5841</run_address>
         <size>0x25b</size>
         <input_file_ref idref="fl-3"/>
      </object_component>
      <object_component id="oc-1d6">
         <name>.debug_info</name>
         <load_address>0x5a9c</load_address>
         <run_address>0x5a9c</run_address>
         <size>0x14a8</size>
         <input_file_ref idref="fl-4"/>
      </object_component>
      <object_component id="oc-1a3">
         <name>.debug_info</name>
         <load_address>0x6f44</load_address>
         <run_address>0x6f44</run_address>
         <size>0xcf</size>
         <input_file_ref idref="fl-4"/>
      </object_component>
      <object_component id="oc-1be">
         <name>.debug_info</name>
         <load_address>0x7013</load_address>
         <run_address>0x7013</run_address>
         <size>0xd0</size>
         <input_file_ref idref="fl-4"/>
      </object_component>
      <object_component id="oc-1c1">
         <name>.debug_info</name>
         <load_address>0x70e3</load_address>
         <run_address>0x70e3</run_address>
         <size>0xd0</size>
         <input_file_ref idref="fl-4"/>
      </object_component>
      <object_component id="oc-1c4">
         <name>.debug_info</name>
         <load_address>0x71b3</load_address>
         <run_address>0x71b3</run_address>
         <size>0xd0</size>
         <input_file_ref idref="fl-4"/>
      </object_component>
      <object_component id="oc-1cd">
         <name>.debug_info</name>
         <load_address>0x7283</load_address>
         <run_address>0x7283</run_address>
         <size>0xd0</size>
         <input_file_ref idref="fl-4"/>
      </object_component>
      <object_component id="oc-da">
         <name>.debug_info</name>
         <load_address>0x7353</load_address>
         <run_address>0x7353</run_address>
         <size>0x7106</size>
         <input_file_ref idref="fl-4"/>
      </object_component>
      <object_component id="oc-274">
         <name>.debug_info</name>
         <load_address>0xe459</load_address>
         <run_address>0xe459</run_address>
         <size>0x9a5</size>
         <input_file_ref idref="fl-5"/>
      </object_component>
      <object_component id="oc-1c7">
         <name>.debug_info</name>
         <load_address>0xedfe</load_address>
         <run_address>0xedfe</run_address>
         <size>0xbc0</size>
         <input_file_ref idref="fl-5"/>
      </object_component>
      <object_component id="oc-25c">
         <name>.debug_info</name>
         <load_address>0xf9be</load_address>
         <run_address>0xf9be</run_address>
         <size>0x1b38</size>
         <input_file_ref idref="fl-6"/>
      </object_component>
      <object_component id="oc-19d">
         <name>.debug_info</name>
         <load_address>0x114f6</load_address>
         <run_address>0x114f6</run_address>
         <size>0x5b14</size>
         <input_file_ref idref="fl-6"/>
      </object_component>
      <object_component id="oc-320">
         <name>.debug_info</name>
         <load_address>0x1700a</load_address>
         <run_address>0x1700a</run_address>
         <size>0x430</size>
         <input_file_ref idref="fl-8"/>
      </object_component>
      <object_component id="oc-256">
         <name>.debug_info</name>
         <load_address>0x1743a</load_address>
         <run_address>0x1743a</run_address>
         <size>0x20af</size>
         <input_file_ref idref="fl-8"/>
      </object_component>
      <object_component id="oc-262">
         <name>.debug_info</name>
         <load_address>0x194e9</load_address>
         <run_address>0x194e9</run_address>
         <size>0x35f</size>
         <input_file_ref idref="fl-9"/>
      </object_component>
      <object_component id="oc-1ac">
         <name>.debug_info</name>
         <load_address>0x19848</load_address>
         <run_address>0x19848</run_address>
         <size>0x780</size>
         <input_file_ref idref="fl-9"/>
      </object_component>
      <object_component id="oc-252">
         <name>.debug_info</name>
         <load_address>0x19fc8</load_address>
         <run_address>0x19fc8</run_address>
         <size>0x559</size>
         <input_file_ref idref="fl-a"/>
      </object_component>
      <object_component id="oc-191">
         <name>.debug_info</name>
         <load_address>0x1a521</load_address>
         <run_address>0x1a521</run_address>
         <size>0x4fe5</size>
         <input_file_ref idref="fl-a"/>
      </object_component>
      <object_component id="oc-31a">
         <name>.debug_info</name>
         <load_address>0x1f506</load_address>
         <run_address>0x1f506</run_address>
         <size>0x31d</size>
         <input_file_ref idref="fl-b"/>
      </object_component>
      <object_component id="oc-24c">
         <name>.debug_info</name>
         <load_address>0x1f823</load_address>
         <run_address>0x1f823</run_address>
         <size>0x40e</size>
         <input_file_ref idref="fl-b"/>
      </object_component>
      <object_component id="oc-264">
         <name>.debug_info</name>
         <load_address>0x1fc31</load_address>
         <run_address>0x1fc31</run_address>
         <size>0x32b</size>
         <input_file_ref idref="fl-c"/>
      </object_component>
      <object_component id="oc-1b2">
         <name>.debug_info</name>
         <load_address>0x1ff5c</load_address>
         <run_address>0x1ff5c</run_address>
         <size>0x219</size>
         <input_file_ref idref="fl-c"/>
      </object_component>
      <object_component id="oc-278">
         <name>.debug_info</name>
         <load_address>0x20175</load_address>
         <run_address>0x20175</run_address>
         <size>0x677</size>
         <input_file_ref idref="fl-d"/>
      </object_component>
      <object_component id="oc-1d0">
         <name>.debug_info</name>
         <load_address>0x207ec</load_address>
         <run_address>0x207ec</run_address>
         <size>0x2adf</size>
         <input_file_ref idref="fl-d"/>
      </object_component>
      <object_component id="oc-32a">
         <name>.debug_info</name>
         <load_address>0x232cb</load_address>
         <run_address>0x232cb</run_address>
         <size>0x376</size>
         <input_file_ref idref="fl-e"/>
      </object_component>
      <object_component id="oc-266">
         <name>.debug_info</name>
         <load_address>0x23641</load_address>
         <run_address>0x23641</run_address>
         <size>0x214</size>
         <input_file_ref idref="fl-e"/>
      </object_component>
      <object_component id="oc-26c">
         <name>.debug_info</name>
         <load_address>0x23855</load_address>
         <run_address>0x23855</run_address>
         <size>0x504</size>
         <input_file_ref idref="fl-f"/>
      </object_component>
      <object_component id="oc-1b8">
         <name>.debug_info</name>
         <load_address>0x23d59</load_address>
         <run_address>0x23d59</run_address>
         <size>0xf59</size>
         <input_file_ref idref="fl-f"/>
      </object_component>
      <object_component id="oc-18f">
         <name>.debug_info</name>
         <load_address>0x24cb2</load_address>
         <run_address>0x24cb2</run_address>
         <size>0x5fa</size>
         <input_file_ref idref="fl-10"/>
      </object_component>
      <object_component id="oc-d4">
         <name>.debug_info</name>
         <load_address>0x252ac</load_address>
         <run_address>0x252ac</run_address>
         <size>0x117e</size>
         <input_file_ref idref="fl-10"/>
      </object_component>
      <object_component id="oc-18a">
         <name>.debug_info</name>
         <load_address>0x2642a</load_address>
         <run_address>0x2642a</run_address>
         <size>0x8b</size>
         <input_file_ref idref="fl-10"/>
      </object_component>
      <object_component id="oc-254">
         <name>.debug_info</name>
         <load_address>0x264b5</load_address>
         <run_address>0x264b5</run_address>
         <size>0x5af</size>
         <input_file_ref idref="fl-11"/>
      </object_component>
      <object_component id="oc-197">
         <name>.debug_info</name>
         <load_address>0x26a64</load_address>
         <run_address>0x26a64</run_address>
         <size>0x136a</size>
         <input_file_ref idref="fl-11"/>
      </object_component>
      <object_component id="oc-3c">
         <name>.debug_info</name>
         <load_address>0x27dce</load_address>
         <run_address>0x27dce</run_address>
         <size>0x111</size>
         <input_file_ref idref="fl-cc"/>
      </object_component>
      <object_component id="oc-95">
         <name>.debug_info</name>
         <load_address>0x27edf</load_address>
         <run_address>0x27edf</run_address>
         <size>0x13f</size>
         <input_file_ref idref="fl-cd"/>
      </object_component>
      <object_component id="oc-92">
         <name>.debug_info</name>
         <load_address>0x2801e</load_address>
         <run_address>0x2801e</run_address>
         <size>0x313</size>
         <input_file_ref idref="fl-ce"/>
      </object_component>
      <object_component id="oc-4b">
         <name>.debug_info</name>
         <load_address>0x28331</load_address>
         <run_address>0x28331</run_address>
         <size>0x1b4</size>
         <input_file_ref idref="fl-ce"/>
      </object_component>
      <object_component id="oc-8d">
         <name>.debug_info</name>
         <load_address>0x284e5</load_address>
         <run_address>0x284e5</run_address>
         <size>0x46</size>
         <input_file_ref idref="fl-ce"/>
      </object_component>
      <object_component id="oc-ca">
         <name>.debug_info</name>
         <load_address>0x2852b</load_address>
         <run_address>0x2852b</run_address>
         <size>0x2c</size>
         <input_file_ref idref="fl-ce"/>
      </object_component>
      <object_component id="oc-46">
         <name>.debug_info</name>
         <load_address>0x28557</load_address>
         <run_address>0x28557</run_address>
         <size>0x29d</size>
         <input_file_ref idref="fl-cf"/>
      </object_component>
      <object_component id="oc-19">
         <name>.debug_info</name>
         <load_address>0x287f4</load_address>
         <run_address>0x287f4</run_address>
         <size>0x1df</size>
         <input_file_ref idref="fl-cf"/>
      </object_component>
      <object_component id="oc-41">
         <name>.debug_info</name>
         <load_address>0x289d3</load_address>
         <run_address>0x289d3</run_address>
         <size>0x46</size>
         <input_file_ref idref="fl-cf"/>
      </object_component>
      <object_component id="oc-85">
         <name>.debug_info</name>
         <load_address>0x28a19</load_address>
         <run_address>0x28a19</run_address>
         <size>0x2c</size>
         <input_file_ref idref="fl-cf"/>
      </object_component>
      <object_component id="oc-83">
         <name>.debug_info</name>
         <load_address>0x28a45</load_address>
         <run_address>0x28a45</run_address>
         <size>0x293</size>
         <input_file_ref idref="fl-d0"/>
      </object_component>
      <object_component id="oc-13">
         <name>.debug_info</name>
         <load_address>0x28cd8</load_address>
         <run_address>0x28cd8</run_address>
         <size>0x245</size>
         <input_file_ref idref="fl-d0"/>
      </object_component>
      <object_component id="oc-31">
         <name>.debug_info</name>
         <load_address>0x28f1d</load_address>
         <run_address>0x28f1d</run_address>
         <size>0x60</size>
         <input_file_ref idref="fl-d0"/>
      </object_component>
      <object_component id="oc-c3">
         <name>.debug_info</name>
         <load_address>0x28f7d</load_address>
         <run_address>0x28f7d</run_address>
         <size>0x46</size>
         <input_file_ref idref="fl-d0"/>
      </object_component>
      <object_component id="oc-7e">
         <name>.debug_info</name>
         <load_address>0x28fc3</load_address>
         <run_address>0x28fc3</run_address>
         <size>0x39</size>
         <input_file_ref idref="fl-d0"/>
      </object_component>
      <object_component id="oc-22">
         <name>.debug_info</name>
         <load_address>0x28ffc</load_address>
         <run_address>0x28ffc</run_address>
         <size>0x100</size>
         <input_file_ref idref="fl-d1"/>
      </object_component>
      <object_component id="oc-5a">
         <name>.debug_info</name>
         <load_address>0x290fc</load_address>
         <run_address>0x290fc</run_address>
         <size>0x1a4</size>
         <input_file_ref idref="fl-d1"/>
      </object_component>
      <object_component id="oc-200">
         <name>.debug_info</name>
         <load_address>0x292a0</load_address>
         <run_address>0x292a0</run_address>
         <size>0x3a2</size>
         <input_file_ref idref="fl-d2"/>
      </object_component>
      <object_component id="oc-1fd">
         <name>.debug_info</name>
         <load_address>0x29642</load_address>
         <run_address>0x29642</run_address>
         <size>0x185</size>
         <input_file_ref idref="fl-d2"/>
      </object_component>
      <object_component id="oc-f7">
         <name>.debug_info</name>
         <load_address>0x297c7</load_address>
         <run_address>0x297c7</run_address>
         <size>0x117</size>
         <input_file_ref idref="fl-d2"/>
      </object_component>
      <object_component id="oc-fd">
         <name>.debug_info</name>
         <load_address>0x298de</load_address>
         <run_address>0x298de</run_address>
         <size>0x179</size>
         <input_file_ref idref="fl-d2"/>
      </object_component>
      <object_component id="oc-2d5">
         <name>.debug_info</name>
         <load_address>0x29a57</load_address>
         <run_address>0x29a57</run_address>
         <size>0x2be</size>
         <input_file_ref idref="fl-d3"/>
      </object_component>
      <object_component id="oc-1e3">
         <name>.debug_info</name>
         <load_address>0x29d15</load_address>
         <run_address>0x29d15</run_address>
         <size>0x113</size>
         <input_file_ref idref="fl-d3"/>
      </object_component>
      <object_component id="oc-2ce">
         <name>.debug_info</name>
         <load_address>0x29e28</load_address>
         <run_address>0x29e28</run_address>
         <size>0x123</size>
         <input_file_ref idref="fl-d3"/>
      </object_component>
      <object_component id="oc-1f5">
         <name>.debug_info</name>
         <load_address>0x29f4b</load_address>
         <run_address>0x29f4b</run_address>
         <size>0x3da</size>
         <input_file_ref idref="fl-d5"/>
      </object_component>
      <object_component id="oc-1ef">
         <name>.debug_info</name>
         <load_address>0x2a325</load_address>
         <run_address>0x2a325</run_address>
         <size>0x14c</size>
         <input_file_ref idref="fl-d5"/>
      </object_component>
      <object_component id="oc-1e9">
         <name>.debug_info</name>
         <load_address>0x2a471</load_address>
         <run_address>0x2a471</run_address>
         <size>0x15b</size>
         <input_file_ref idref="fl-d5"/>
      </object_component>
      <object_component id="oc-e0">
         <name>.debug_info</name>
         <load_address>0x2a5cc</load_address>
         <run_address>0x2a5cc</run_address>
         <size>0x1a1</size>
         <input_file_ref idref="fl-d5"/>
      </object_component>
      <object_component id="oc-2eb">
         <name>.debug_info</name>
         <load_address>0x2a76d</load_address>
         <run_address>0x2a76d</run_address>
         <size>0xb2</size>
         <input_file_ref idref="fl-d5"/>
      </object_component>
      <object_component id="oc-260">
         <name>.debug_info</name>
         <load_address>0x2a81f</load_address>
         <run_address>0x2a81f</run_address>
         <size>0x2a4</size>
         <input_file_ref idref="fl-d6"/>
      </object_component>
      <object_component id="oc-1a6">
         <name>.debug_info</name>
         <load_address>0x2aac3</load_address>
         <run_address>0x2aac3</run_address>
         <size>0x25a</size>
         <input_file_ref idref="fl-d6"/>
      </object_component>
      <object_component id="oc-203">
         <name>.debug_info</name>
         <load_address>0x2ad1d</load_address>
         <run_address>0x2ad1d</run_address>
         <size>0x547</size>
         <input_file_ref idref="fl-d7"/>
      </object_component>
      <object_component id="oc-103">
         <name>.debug_info</name>
         <load_address>0x2b264</load_address>
         <run_address>0x2b264</run_address>
         <size>0x19b</size>
         <input_file_ref idref="fl-d7"/>
      </object_component>
      <object_component id="oc-2f6">
         <name>.debug_info</name>
         <load_address>0x2b3ff</load_address>
         <run_address>0x2b3ff</run_address>
         <size>0x39</size>
         <input_file_ref idref="fl-d7"/>
      </object_component>
      <object_component id="oc-3d1">
         <name>.debug_info</name>
         <load_address>0x2b438</load_address>
         <run_address>0x2b438</run_address>
         <size>0x39</size>
         <input_file_ref idref="fl-d7"/>
      </object_component>
      <object_component id="oc-2fb">
         <name>.debug_info</name>
         <load_address>0x2b471</load_address>
         <run_address>0x2b471</run_address>
         <size>0x39</size>
         <input_file_ref idref="fl-d7"/>
      </object_component>
      <object_component id="oc-300">
         <name>.debug_info</name>
         <load_address>0x2b4aa</load_address>
         <run_address>0x2b4aa</run_address>
         <size>0xcd</size>
         <input_file_ref idref="fl-d7"/>
      </object_component>
      <object_component id="oc-9a">
         <name>.debug_info</name>
         <load_address>0x2b577</load_address>
         <run_address>0x2b577</run_address>
         <size>0x148</size>
         <input_file_ref idref="fl-d8"/>
      </object_component>
      <object_component id="oc-2c2">
         <name>.debug_info</name>
         <load_address>0x2b6bf</load_address>
         <run_address>0x2b6bf</run_address>
         <size>0x8a6</size>
         <input_file_ref idref="fl-da"/>
      </object_component>
      <object_component id="oc-28d">
         <name>.debug_info</name>
         <load_address>0x2bf65</load_address>
         <run_address>0x2bf65</run_address>
         <size>0x213</size>
         <input_file_ref idref="fl-da"/>
      </object_component>
      <object_component id="oc-364">
         <name>.debug_info</name>
         <load_address>0x2c178</load_address>
         <run_address>0x2c178</run_address>
         <size>0x1a8</size>
         <input_file_ref idref="fl-da"/>
      </object_component>
      <object_component id="oc-36a">
         <name>.debug_info</name>
         <load_address>0x2c320</load_address>
         <run_address>0x2c320</run_address>
         <size>0x210</size>
         <input_file_ref idref="fl-da"/>
      </object_component>
      <object_component id="oc-298">
         <name>.debug_info</name>
         <load_address>0x2c530</load_address>
         <run_address>0x2c530</run_address>
         <size>0x3b0</size>
         <input_file_ref idref="fl-da"/>
      </object_component>
      <object_component id="oc-371">
         <name>.debug_info</name>
         <load_address>0x2c8e0</load_address>
         <run_address>0x2c8e0</run_address>
         <size>0x2fa</size>
         <input_file_ref idref="fl-da"/>
      </object_component>
      <object_component id="oc-377">
         <name>.debug_info</name>
         <load_address>0x2cbda</load_address>
         <run_address>0x2cbda</run_address>
         <size>0x20a</size>
         <input_file_ref idref="fl-da"/>
      </object_component>
      <object_component id="oc-29e">
         <name>.debug_info</name>
         <load_address>0x2cde4</load_address>
         <run_address>0x2cde4</run_address>
         <size>0x20a</size>
         <input_file_ref idref="fl-da"/>
      </object_component>
      <object_component id="oc-2a4">
         <name>.debug_info</name>
         <load_address>0x2cfee</load_address>
         <run_address>0x2cfee</run_address>
         <size>0x2f9</size>
         <input_file_ref idref="fl-da"/>
      </object_component>
      <object_component id="oc-2aa">
         <name>.debug_info</name>
         <load_address>0x2d2e7</load_address>
         <run_address>0x2d2e7</run_address>
[...]
      <symbol id="sm-71a">
         <name>VL53L1_WaitUs</name>
         <value>0x98cb</value>
         <object_component_ref idref="oc-196"/>
      </symbol>
      <symbol id="sm-71b">
         <name>VL53L1_RdWord</name>
         <value>0x9807</value>
         <object_component_ref idref="oc-196"/>
      </symbol>
      <symbol id="sm-71c">
         <name>VL53L1_WaitValueMaskEx</name>
         <value>0x98e1</value>
         <object_component_ref idref="oc-196"/>
      </symbol>
      <symbol id="sm-71d">
         <name>VL53L1_WaitMs</name>
         <value>0x98b5</value>
         <object_component_ref idref="oc-196"/>
      </symbol>
      <symbol id="sm-71e">
         <name>VL53L1_RdDWord</name>
         <value>0x9849</value>
         <object_component_ref idref="oc-196"/>
      </symbol>
      <symbol id="sm-71f">
         <name>VL53L1_WrDWord</name>
         <value>0x9701</value>
         <object_component_ref idref="oc-196"/>
      </symbol>
      <symbol id="sm-720">
         <name>VL53L1_GetTimerFrequency</name>
         <value>0x98a1</value>
         <object_component_ref idref="oc-196"/>
      </symbol>
      <symbol id="sm-721">
         <name>VL53L1_WrByte</name>
         <value>0x9675</value>
         <object_component_ref idref="oc-196"/>
      </symbol>
      <symbol id="sm-73c">
         <name>memcpy</name>
         <value>0xac33</value>
         <object_component_ref idref="oc-3b"/>
      </symbol>
      <symbol id="sm-73d">
         <name>__aeabi_memcpy</name>
         <value>0xac33</value>
         <object_component_ref idref="oc-3b"/>
      </symbol>
      <symbol id="sm-73e">
         <name>__aeabi_memcpy8</name>
         <value>0xac33</value>
         <object_component_ref idref="oc-3b"/>
      </symbol>
      <symbol id="sm-73f">
         <name>__aeabi_memcpy4</name>
         <value>0xac33</value>
         <object_component_ref idref="oc-3b"/>
      </symbol>
      <symbol id="sm-74e">
         <name>__aeabi_memset</name>
         <value>0xaf93</value>
         <object_component_ref idref="oc-93"/>
      </symbol>
      <symbol id="sm-74f">
         <name>memset</name>
         <value>0xaf99</value>
         <object_component_ref idref="oc-93"/>
      </symbol>
      <symbol id="sm-750">
         <name>__aeabi_memset8</name>
         <value>0xaf93</value>
         <object_component_ref idref="oc-93"/>
      </symbol>
      <symbol id="sm-751">
         <name>__aeabi_memset4</name>
         <value>0xaf93</value>
         <object_component_ref idref="oc-93"/>
      </symbol>
      <symbol id="sm-752">
         <name>__aeabi_memclr8</name>
         <value>0xaf91</value>
         <object_component_ref idref="oc-93"/>
      </symbol>
      <symbol id="sm-753">
         <name>__aeabi_memclr4</name>
         <value>0xaf91</value>
         <object_component_ref idref="oc-93"/>
      </symbol>
      <symbol id="sm-754">
         <name>__aeabi_memclr</name>
         <value>0xaf91</value>
         <object_component_ref idref="oc-93"/>
      </symbol>
      <symbol id="sm-76d">
         <name>__TI_zero_init_nomemset</name>
         <value>0xbdcd</value>
         <object_component_ref idref="oc-47"/>
      </symbol>
      <symbol id="sm-784">
         <name>__TI_decompress_none</name>
         <value>0xbdf1</value>
         <object_component_ref idref="oc-18"/>
      </symbol>
      <symbol id="sm-7a7">
         <name>__TI_decompress_lzss</name>
         <value>0xb239</value>
         <object_component_ref idref="oc-12"/>
      </symbol>
      <symbol id="sm-7ba">
         <name>__stack</name>
         <value>0x20000000</value>
         <object_component_ref idref="oc-21"/>
      </symbol>
      <symbol id="sm-7bb">
         <name>_c_int00_noargs</name>
         <value>0xba6d</value>
         <object_component_ref idref="oc-59"/>
      </symbol>
      <symbol id="sm-7e1">
         <name>C$$EXIT</name>
         <value>0xbe4b</value>
         <object_component_ref idref="oc-f6"/>
      </symbol>
      <symbol id="sm-7e2">
         <name>abort</name>
         <value>0xbe4b</value>
         <object_component_ref idref="oc-f6"/>
      </symbol>
      <symbol id="sm-7e3">
         <name>__TI_dtors_ptr</name>
         <value>0x200009e8</value>
         <object_component_ref idref="oc-1fc"/>
      </symbol>
      <symbol id="sm-7e4">
         <name>__TI_cleanup_ptr</name>
         <value>0x200009e4</value>
         <object_component_ref idref="oc-1fc"/>
      </symbol>
      <symbol id="sm-7e5">
         <name>__TI_enable_exit_profile_output</name>
         <value>0x200009ec</value>
         <object_component_ref idref="oc-1fc"/>
      </symbol>
      <symbol id="sm-7e6">
         <name>exit</name>
         <value>0xb819</value>
         <object_component_ref idref="oc-fc"/>
      </symbol>
      <symbol id="sm-7fb">
         <name>_nop</name>
         <value>0x2427</value>
         <object_component_ref idref="oc-2cd"/>
      </symbol>
      <symbol id="sm-7fc">
         <name>_lock</name>
         <value>0x200009fc</value>
         <object_component_ref idref="oc-1e2"/>
      </symbol>
      <symbol id="sm-7fd">
         <name>_unlock</name>
         <value>0x20000a00</value>
         <object_component_ref idref="oc-1e2"/>
      </symbol>
      <symbol id="sm-82a">
         <name>printf</name>
         <value>0xb2a1</value>
         <object_component_ref idref="oc-df"/>
      </symbol>
      <symbol id="sm-83a">
         <name>strncpy</name>
         <value>0xbadd</value>
         <object_component_ref idref="oc-1a5"/>
      </symbol>
      <symbol id="sm-862">
         <name>__TI_auto_init_nobinit_nopinit</name>
         <value>0xb931</value>
         <object_component_ref idref="oc-102"/>
      </symbol>
      <symbol id="sm-86c">
         <name>_system_pre_init</name>
         <value>0xbe47</value>
         <object_component_ref idref="oc-99"/>
      </symbol>
      <symbol id="sm-9d7">
         <name>__TI_printfi</name>
         <value>0x6f2d</value>
         <object_component_ref idref="oc-1dc"/>
      </symbol>
      <symbol id="sm-9ed">
         <name>atoi</name>
         <value>0xb785</value>
         <object_component_ref idref="oc-286"/>
      </symbol>
      <symbol id="sm-9f8">
         <name>_ctypes_</name>
         <value>0xbe50</value>
         <object_component_ref idref="oc-333"/>
      </symbol>
      <symbol id="sm-a0d">
         <name>__TI_tmpnams</name>
         <value>0x20000b28</value>
      </symbol>
      <symbol id="sm-a0e">
         <name>__aeabi_stdout</name>
         <value>0x200009dc</value>
         <object_component_ref idref="oc-4a4"/>
      </symbol>
      <symbol id="sm-a0f">
         <name>__aeabi_stderr</name>
         <value>0x200009e0</value>
         <object_component_ref idref="oc-4a4"/>
      </symbol>
      <symbol id="sm-a10">
         <name>__aeabi_stdin</name>
         <value>0x200009d8</value>
         <object_component_ref idref="oc-4a4"/>
      </symbol>
      <symbol id="sm-a11">
         <name>_ftable</name>
         <value>0x20000800</value>
         <object_component_ref idref="oc-1e5"/>
      </symbol>
      <symbol id="sm-a12">
         <name>__TI_ft_end</name>
         <value>0x200009d4</value>
         <object_component_ref idref="oc-4a4"/>
      </symbol>
      <symbol id="sm-a27">
         <name>putc</name>
         <value>0xadf9</value>
         <object_component_ref idref="oc-2e2"/>
      </symbol>
      <symbol id="sm-a28">
         <name>fputc</name>
         <value>0xadf9</value>
         <object_component_ref idref="oc-2e2"/>
      </symbol>
      <symbol id="sm-a46">
         <name>fputs</name>
         <value>0xa415</value>
         <object_component_ref idref="oc-2db"/>
      </symbol>
      <symbol id="sm-a55">
         <name>ltoa</name>
         <value>0xb5f7</value>
         <object_component_ref idref="oc-353"/>
      </symbol>
      <symbol id="sm-a65">
         <name>memccpy</name>
         <value>0xbd23</value>
         <object_component_ref idref="oc-2af"/>
      </symbol>
      <symbol id="sm-a75">
         <name>memchr</name>
         <value>0xbd03</value>
         <object_component_ref idref="oc-3bb"/>
      </symbol>
      <symbol id="sm-a85">
         <name>strchr</name>
         <value>0xbd57</value>
         <object_component_ref idref="oc-38a"/>
      </symbol>
      <symbol id="sm-a93">
         <name>strlen</name>
         <value>0xbd95</value>
         <object_component_ref idref="oc-280"/>
      </symbol>
      <symbol id="sm-ab9">
         <name>_stream</name>
         <value>0x20000968</value>
         <object_component_ref idref="oc-431"/>
      </symbol>
      <symbol id="sm-aba">
         <name>_device</name>
         <value>0x200008f0</value>
         <object_component_ref idref="oc-472"/>
      </symbol>
      <symbol id="sm-abb">
         <name>write</name>
         <value>0xbcb9</value>
         <object_component_ref idref="oc-3c7"/>
      </symbol>
      <symbol id="sm-adb">
         <name>frexpl</name>
         <value>0xb309</value>
         <object_component_ref idref="oc-37e"/>
      </symbol>
      <symbol id="sm-adc">
         <name>frexp</name>
         <value>0xb309</value>
         <object_component_ref idref="oc-37e"/>
      </symbol>
      <symbol id="sm-af9">
         <name>scalbn</name>
         <value>0xa639</value>
         <object_component_ref idref="oc-384"/>
      </symbol>
      <symbol id="sm-afa">
         <name>scalbnl</name>
         <value>0xa639</value>
         <object_component_ref idref="oc-384"/>
      </symbol>
      <symbol id="sm-afb">
         <name>ldexpl</name>
         <value>0xa639</value>
         <object_component_ref idref="oc-384"/>
      </symbol>
      <symbol id="sm-afc">
         <name>ldexp</name>
         <value>0xa639</value>
         <object_component_ref idref="oc-384"/>
      </symbol>
      <symbol id="sm-b06">
         <name>copysign</name>
         <value>0xbd6d</value>
         <object_component_ref idref="oc-403"/>
      </symbol>
      <symbol id="sm-b07">
         <name>copysignl</name>
         <value>0xbd6d</value>
         <object_component_ref idref="oc-403"/>
      </symbol>
      <symbol id="sm-b20">
         <name>wcslen</name>
         <value>0xbddf</value>
         <object_component_ref idref="oc-2b5"/>
      </symbol>
      <symbol id="sm-b37">
         <name>__aeabi_dsub</name>
         <value>0x9d99</value>
         <object_component_ref idref="oc-35e"/>
      </symbol>
      <symbol id="sm-b38">
         <name>__aeabi_dadd</name>
         <value>0x9da3</value>
         <object_component_ref idref="oc-35e"/>
      </symbol>
      <symbol id="sm-b5a">
         <name>__aeabi_cdcmpeq</name>
         <value>0xae85</value>
         <object_component_ref idref="oc-292"/>
      </symbol>
      <symbol id="sm-b5b">
         <name>__aeabi_cdcmple</name>
         <value>0xae85</value>
         <object_component_ref idref="oc-292"/>
      </symbol>
      <symbol id="sm-b5c">
         <name>__aeabi_cdrcmple</name>
         <value>0xaf0b</value>
         <object_component_ref idref="oc-349"/>
      </symbol>
      <symbol id="sm-b70">
         <name>__aeabi_ddiv</name>
         <value>0xa08d</value>
         <object_component_ref idref="oc-344"/>
      </symbol>
      <symbol id="sm-b7b">
         <name>__aeabi_dmul</name>
         <value>0xa749</value>
         <object_component_ref idref="oc-33f"/>
      </symbol>
      <symbol id="sm-b85">
         <name>__aeabi_d2iz</name>
         <value>0xb861</value>
         <object_component_ref idref="oc-34e"/>
      </symbol>
      <symbol id="sm-b8f">
         <name>__aeabi_i2d</name>
         <value>0xbbe1</value>
         <object_component_ref idref="oc-359"/>
      </symbol>
      <symbol id="sm-b9c">
         <name>__aeabi_uldivmod</name>
         <value>0xaccf</value>
         <object_component_ref idref="oc-338"/>
      </symbol>
      <symbol id="sm-bb2">
         <name>__aeabi_errno_addr</name>
         <value>0xbe25</value>
         <object_component_ref idref="oc-2bb"/>
      </symbol>
      <symbol id="sm-bb3">
         <name>errno</name>
         <value>0x20000a04</value>
         <object_component_ref idref="oc-39a"/>
      </symbol>
      <symbol id="sm-bcb">
         <name>__TI_wrt_ok</name>
         <value>0xb3d1</value>
         <object_component_ref idref="oc-3b5"/>
      </symbol>
      <symbol id="sm-bdb">
         <name>__TI_doflush</name>
         <value>0xb739</value>
         <object_component_ref idref="oc-3c1"/>
      </symbol>
      <symbol id="sm-bed">
         <name>fseek</name>
         <value>0xb36d</value>
         <object_component_ref idref="oc-41f"/>
      </symbol>
      <symbol id="sm-bfd">
         <name>lseek</name>
         <value>0xbc69</value>
         <object_component_ref idref="oc-44b"/>
      </symbol>
      <symbol id="sm-c19">
         <name>setvbuf</name>
         <value>0xa845</value>
         <object_component_ref idref="oc-425"/>
      </symbol>
      <symbol id="sm-c2a">
         <name>HOSTclose</name>
         <value>0xb8a9</value>
         <object_component_ref idref="oc-4b0"/>
      </symbol>
      <symbol id="sm-c3b">
         <name>HOSTlseek</name>
         <value>0xb169</value>
         <object_component_ref idref="oc-4c2"/>
      </symbol>
      <symbol id="sm-c4d">
         <name>parmbuf</name>
         <value>0x20000be4</value>
      </symbol>
      <symbol id="sm-c4e">
         <name>HOSTopen</name>
         <value>0xb435</value>
         <object_component_ref idref="oc-4aa"/>
      </symbol>
      <symbol id="sm-c5f">
         <name>HOSTread</name>
         <value>0xb4f1</value>
         <object_component_ref idref="oc-4b6"/>
      </symbol>
      <symbol id="sm-c70">
         <name>HOSTrename</name>
         <value>0xb1d1</value>
         <object_component_ref idref="oc-4ce"/>
      </symbol>
      <symbol id="sm-c81">
         <name>HOSTunlink</name>
         <value>0xb8ed</value>
         <object_component_ref idref="oc-4c8"/>
      </symbol>
      <symbol id="sm-c92">
         <name>HOSTwrite</name>
         <value>0xb549</value>
         <object_component_ref idref="oc-4bc"/>
      </symbol>
      <symbol id="sm-cb6">
         <name>__TI_readmsg</name>
         <value>0xbb7d</value>
         <object_component_ref idref="oc-4f4"/>
      </symbol>
      <symbol id="sm-cb7">
         <name>C$$IO$$</name>
         <value>0xba63</value>
         <object_component_ref idref="oc-4ee"/>
      </symbol>
      <symbol id="sm-cb8">
         <name>__CIOBUF_</name>
         <value>0x20000a08</value>
         <object_component_ref idref="oc-51c"/>
      </symbol>
      <symbol id="sm-cb9">
         <name>__TI_writemsg</name>
         <value>0xba35</value>
         <object_component_ref idref="oc-4ee"/>
      </symbol>
      <symbol id="sm-cc3">
         <name>__aeabi_idiv0</name>
         <value>0x9957</value>
         <object_component_ref idref="oc-3ea"/>
      </symbol>
      <symbol id="sm-cc4">
         <name>__aeabi_ldiv0</name>
         <value>0x9957</value>
         <object_component_ref idref="oc-3ea"/>
      </symbol>
      <symbol id="sm-d3f">
         <name>_sys_memory</name>
         <value>0x20000bf0</value>
         <object_component_ref idref="oc-24"/>
      </symbol>
      <symbol id="sm-d40">
         <name>free</name>
         <value>0xa921</value>
         <object_component_ref idref="oc-453"/>
      </symbol>
      <symbol id="sm-d41">
         <name>malloc</name>
         <value>0xb00d</value>
         <object_component_ref idref="oc-459"/>
      </symbol>
      <symbol id="sm-d42">
         <name>minit</name>
         <value>0xbaa5</value>
         <object_component_ref idref="oc-487"/>
      </symbol>
      <symbol id="sm-d52">
         <name>__TI_cleanup</name>
         <value>0xbb49</value>
         <object_component_ref idref="oc-45f"/>
      </symbol>
      <symbol id="sm-d61">
         <name>strcpy</name>
         <value>0xbd81</value>
         <object_component_ref idref="oc-508"/>
      </symbol>
      <symbol id="sm-d76">
         <name>__TI_closefile</name>
         <value>0xb085</value>
         <object_component_ref idref="oc-49e"/>
      </symbol>
      <symbol id="sm-d99">
         <name>finddevice</name>
         <value>0xbbb1</value>
         <object_component_ref idref="oc-534"/>
      </symbol>
      <symbol id="sm-d9a">
         <name>getdevice</name>
         <value>0xb975</value>
         <object_component_ref idref="oc-512"/>
      </symbol>
      <symbol id="sm-daa">
         <name>strcmp</name>
         <value>0xbd3f</value>
         <object_component_ref idref="oc-549"/>
      </symbol>
      <symbol id="sm-dba">
         <name>unlink</name>
         <value>0xbc11</value>
         <object_component_ref idref="oc-4e3"/>
      </symbol>
      <symbol id="sm-dce">
         <name>close</name>
         <value>0xb495</value>
         <object_component_ref idref="oc-4dd"/>
      </symbol>
      <symbol id="sm-e0d">
         <name>GPIOPinConfigure</name>
         <value>0xb7d1</value>
         <object_component_ref idref="oc-14c"/>
      </symbol>
      <symbol id="sm-e0e">
         <name>GPIOPinTypeI2CSCL</name>
         <value>0xbdbb</value>
         <object_component_ref idref="oc-152"/>
      </symbol>
      <symbol id="sm-e0f">
         <name>GPIOPinTypeI2C</name>
         <value>0xbda9</value>
         <object_component_ref idref="oc-158"/>
      </symbol>
      <symbol id="sm-e10">
         <name>GPIODirModeSet</name>
         <value>0xbc3d</value>
         <object_component_ref idref="oc-22a"/>
      </symbol>
      <symbol id="sm-e11">
         <name>GPIOPadConfigSet</name>
         <value>0xa1c3</value>
         <object_component_ref idref="oc-230"/>
      </symbol>
      <symbol id="sm-e52">
         <name>I2CMasterDataPut</name>
         <value>0xbe3b</value>
         <object_component_ref idref="oc-170"/>
      </symbol>
      <symbol id="sm-e53">
         <name>I2CMasterInitExpClk</name>
         <value>0xb6ed</value>
         <object_component_ref idref="oc-164"/>
      </symbol>
      <symbol id="sm-e54">
         <name>I2CMasterSlaveAddrSet</name>
         <value>0xbe1d</value>
         <object_component_ref idref="oc-16a"/>
      </symbol>
      <symbol id="sm-e55">
         <name>I2CMasterDataGet</name>
         <value>0xbe37</value>
         <object_component_ref idref="oc-182"/>
      </symbol>
      <symbol id="sm-e56">
         <name>I2CMasterControl</name>
         <value>0xbe33</value>
         <object_component_ref idref="oc-176"/>
      </symbol>
      <symbol id="sm-e57">
         <name>I2CMasterBusy</name>
         <value>0xbe15</value>
         <object_component_ref idref="oc-17c"/>
      </symbol>
      <symbol id="sm-e58">
         <name>I2CMasterEnable</name>
         <value>0xbe0b</value>
         <object_component_ref idref="oc-23c"/>
      </symbol>
      <symbol id="sm-ea1">
         <name>SysCtlDelay</name>
         <value>0xbe2d</value>
         <object_component_ref idref="oc-188"/>
      </symbol>
      <symbol id="sm-ea2">
         <name>SysCtlPeripheralEnable</name>
         <value>0xbb15</value>
         <object_component_ref idref="oc-140"/>
      </symbol>
      <symbol id="sm-ea3">
         <name>SysCtlClockGet</name>
         <value>0xa529</value>
         <object_component_ref idref="oc-15e"/>
      </symbol>
      <symbol id="sm-ea4">
         <name>SysCtlPeripheralReset</name>
         <value>0xb69d</value>
         <object_component_ref idref="oc-146"/>
      </symbol>
      <symbol id="sm-ea6">
         <name>__TI_static_base__</name>
         <value>0x0</value>
      </symbol>
      <symbol id="sm-ea9">
         <name>__mpu_init</name>
         <value>0x0</value>
      </symbol>
      <symbol id="sm-eaa">
         <name>_system_post_cinit</name>
         <value>0x0</value>
      </symbol>
      <symbol id="sm-eab">
         <name>remove</name>
         <value>0xbc11</value>
      </symbol>
   </symbol_table>
   <title>Link successful</title>
</link_info>
