<?xml version="1.0" encoding="ISO-8859-1" ?>
<link_info>
   <banner>TI ARM Linker Unix v18.1.1.LTS</banner>
   <copyright>Copyright (c) 1996-2017 Texas Instruments Incorporated</copyright>
   <link_time>0x5b1d1b79</link_time>
   <link_errors>0x0</link_errors>
   <output_file>VL53L0X.out</output_file>
   <entry_point>
      <name>_c_int00_noargs</name>
      <address>0x74a5</address>
   </entry_point>
   <input_file_list>
      <input_file id="fl-1">
         <path>./</path>
         <kind>object</kind>
         <file>main.obj</file>
         <name>main.obj</name>
      </input_file>
      <input_file id="fl-2">
         <path>./</path>
         <kind>object</kind>
         <file>tm4c123gh6pm_startup_ccs.obj</file>
         <name>tm4c123gh6pm_startup_ccs.obj</name>
      </input_file>
      <input_file id="fl-3">
         <path>./core/src/</path>
         <kind>object</kind>
         <file>vl53l0x_api.obj</file>
         <name>vl53l0x_api.obj</name>
      </input_file>
      <input_file id="fl-4">
         <path>./core/src/</path>
         <kind>object</kind>
         <file>vl53l0x_api_calibration.obj</file>
         <name>vl53l0x_api_calibration.obj</name>
      </input_file>
      <input_file id="fl-5">
         <path>./core/src/</path>
         <kind>object</kind>
         <file>vl53l0x_api_core.obj</file>
         <name>vl53l0x_api_core.obj</name>
      </input_file>
      <input_file id="fl-6">
         <path>./core/src/</path>
         <kind>object</kind>
         <file>vl53l0x_api_ranging.obj</file>
         <name>vl53l0x_api_ranging.obj</name>
      </input_file>
      <input_file id="fl-7">
         <path>./core/src/</path>
         <kind>object</kind>
         <file>vl53l0x_api_strings.obj</file>
         <name>vl53l0x_api_strings.obj</name>
      </input_file>
      <input_file id="fl-8">
         <path>./platform/src/</path>
         <kind>object</kind>
         <file>vl53l0x_i2c_comms.obj</file>
         <name>vl53l0x_i2c_comms.obj</name>
      </input_file>
      <input_file id="fl-9">
         <path>./platform/src/</path>
         <kind>object</kind>
         <file>vl53l0x_platform.obj</file>
         <name>vl53l0x_platform.obj</name>
      </input_file>
      <input_file id="fl-e">
         <kind>object</kind>
         <file>&lt;internal&gt;</file>
         <name>&lt;internal&gt;</name>
      </input_file>
      <input_file id="fl-c4">
         <path>/home/igor/ti/ccsv8/tools/compiler/ti-cgt-arm_18.1.1.LTS/lib/</path>
         <kind>archive</kind>
         <file>rtsv7M4_T_le_v4SPD16_eabi.lib</file>
         <name>memcpy_t2.asm.obj</name>
      </input_file>
      <input_file id="fl-c5">
         <path>/home/igor/ti/ccsv8/tools/compiler/ti-cgt-arm_18.1.1.LTS/lib/</path>
         <kind>archive</kind>
         <file>rtsv7M4_T_le_v4SPD16_eabi.lib</file>
         <name>copy_zero_init.c.obj</name>
      </input_file>
      <input_file id="fl-c6">
         <path>/home/igor/ti/ccsv8/tools/compiler/ti-cgt-arm_18.1.1.LTS/lib/</path>
         <kind>archive</kind>
         <file>rtsv7M4_T_le_v4SPD16_eabi.lib</file>
         <name>copy_decompress_none.c.obj</name>
      </input_file>
      <input_file id="fl-c7">
         <path>/home/igor/ti/ccsv8/tools/compiler/ti-cgt-arm_18.1.1.LTS/lib/</path>
         <kind>archive</kind>
         <file>rtsv7M4_T_le_v4SPD16_eabi.lib</file>
         <name>copy_decompress_lzss.c.obj</name>
      </input_file>
      <input_file id="fl-c8">
         <path>/home/igor/ti/ccsv8/tools/compiler/ti-cgt-arm_18.1.1.LTS/lib/</path>
         <kind>archive</kind>
         <file>rtsv7M4_T_le_v4SPD16_eabi.lib</file>
         <name>boot_cortex_m.c.obj</name>
      </input_file>
      <input_file id="fl-c9">
         <path>/home/igor/ti/ccsv8/tools/compiler/ti-cgt-arm_18.1.1.LTS/lib/</path>
         <kind>archive</kind>
         <file>rtsv7M4_T_le_v4SPD16_eabi.lib</file>
         <name>exit.c.obj</name>
      </input_file>
      <input_file id="fl-ca">
         <path>/home/igor/ti/ccsv8/tools/compiler/ti-cgt-arm_18.1.1.LTS/lib/</path>
         <kind>archive</kind>
         <file>rtsv7M4_T_le_v4SPD16_eabi.lib</file>
         <name>_lock.c.obj</name>
      </input_file>
      <input_file id="fl-cb">
         <path>/home/igor/ti/ccsv8/tools/compiler/ti-cgt-arm_18.1.1.LTS/lib/</path>
         <kind>archive</kind>
         <file>rtsv7M4_T_le_v4SPD16_eabi.lib</file>
         <name>args_main.c.obj</name>
      </input_file>
      <input_file id="fl-cc">
         <path>/home/igor/ti/ccsv8/tools/compiler/ti-cgt-arm_18.1.1.LTS/lib/</path>
         <kind>archive</kind>
         <file>rtsv7M4_T_le_v4SPD16_eabi.lib</file>
         <name>strcpy.c.obj</name>
      </input_file>
      <input_file id="fl-cd">
         <path>/home/igor/ti/ccsv8/tools/compiler/ti-cgt-arm_18.1.1.LTS/lib/</path>
         <kind>archive</kind>
         <file>rtsv7M4_T_le_v4SPD16_eabi.lib</file>
         <name>memset_t2.asm.obj</name>
      </input_file>
      <input_file id="fl-ce">
         <path>/home/igor/ti/ccsv8/tools/compiler/ti-cgt-arm_18.1.1.LTS/lib/</path>
         <kind>archive</kind>
         <file>rtsv7M4_T_le_v4SPD16_eabi.lib</file>
         <name>autoinit.c.obj</name>
      </input_file>
      <input_file id="fl-cf">
         <path>/home/igor/ti/ccsv8/tools/compiler/ti-cgt-arm_18.1.1.LTS/lib/</path>
         <kind>archive</kind>
         <file>rtsv7M4_T_le_v4SPD16_eabi.lib</file>
         <name>pre_init.c.obj</name>
      </input_file>
      <input_file id="fl-d0">
         <path>/home/igor/ti/ccsv8/tools/compiler/ti-cgt-arm_18.1.1.LTS/lib/</path>
         <kind>archive</kind>
         <file>rtsv7M4_T_le_v4SPD16_eabi.lib</file>
         <name>cpy_tbl.c.obj</name>
      </input_file>
      <input_file id="fl-d1">
         <path>/home/igor/ti/tirex-content/TivaWare_C_Series-2.1.3.156/driverlib/ccs/Debug/</path>
         <kind>archive</kind>
         <file>driverlib.lib</file>
         <name>gpio.obj</name>
      </input_file>
      <input_file id="fl-d2">
         <path>/home/igor/ti/tirex-content/TivaWare_C_Series-2.1.3.156/driverlib/ccs/Debug/</path>
         <kind>archive</kind>
         <file>driverlib.lib</file>
         <name>i2c.obj</name>
      </input_file>
      <input_file id="fl-d3">
         <path>/home/igor/ti/tirex-content/TivaWare_C_Series-2.1.3.156/driverlib/ccs/Debug/</path>
         <kind>archive</kind>
         <file>driverlib.lib</file>
         <name>interrupt.obj</name>
      </input_file>
      <input_file id="fl-d4">
         <path>/home/igor/ti/tirex-content/TivaWare_C_Series-2.1.3.156/driverlib/ccs/Debug/</path>
         <kind>archive</kind>
         <file>driverlib.lib</file>
         <name>sysctl.obj</name>
      </input_file>
      <input_file id="fl-d5">
         <path>/home/igor/ti/tirex-content/TivaWare_C_Series-2.1.3.156/driverlib/ccs/Debug/</path>
         <kind>archive</kind>
         <file>driverlib.lib</file>
         <name>cpu.obj</name>
      </input_file>
   </input_file_list>
   <object_component_list>
      <object_component id="oc-f">
         <name>.intvecs</name>
         <load_address>0x0</load_address>
         <run_address>0x0</run_address>
         <size>0x26c</size>
         <input_file_ref idref="fl-2"/>
      </object_component>
      <object_component id="oc-c0">
         <name>.text</name>
         <load_address>0x26c</load_address>
         <run_address>0x26c</run_address>
         <size>0x2842</size>
         <input_file_ref idref="fl-3"/>
      </object_component>
      <object_component id="oc-12e">
         <name>.text</name>
         <load_address>0x2ab0</load_address>
         <run_address>0x2ab0</run_address>
         <size>0x21c2</size>
         <input_file_ref idref="fl-5"/>
      </object_component>
      <object_component id="oc-128">
         <name>.text</name>
         <load_address>0x4c74</load_address>
         <run_address>0x4c74</run_address>
         <size>0x1220</size>
         <input_file_ref idref="fl-4"/>
      </object_component>
      <object_component id="oc-122">
         <name>.text</name>
         <load_address>0x5e94</load_address>
         <run_address>0x5e94</run_address>
         <size>0x9f0</size>
         <input_file_ref idref="fl-7"/>
      </object_component>
      <object_component id="oc-c6">
         <name>.text</name>
         <load_address>0x6884</load_address>
         <run_address>0x6884</run_address>
         <size>0x360</size>
         <input_file_ref idref="fl-8"/>
      </object_component>
      <object_component id="oc-11c">
         <name>.text</name>
         <load_address>0x6be4</load_address>
         <run_address>0x6be4</run_address>
         <size>0x30e</size>
         <input_file_ref idref="fl-9"/>
      </object_component>
      <object_component id="oc-98">
         <name>.text</name>
         <load_address>0x6ef2</load_address>
         <run_address>0x6ef2</run_address>
         <size>0x142</size>
         <input_file_ref idref="fl-1"/>
      </object_component>
      <object_component id="oc-1f0">
         <name>.text:GPIOPadConfigSet</name>
         <load_address>0x7034</load_address>
         <run_address>0x7034</run_address>
         <size>0x132</size>
         <input_file_ref idref="fl-d1"/>
      </object_component>
      <object_component id="oc-162">
         <name>.text:SysCtlClockGet</name>
         <load_address>0x7168</load_address>
         <run_address>0x7168</run_address>
         <size>0x110</size>
         <input_file_ref idref="fl-d4"/>
      </object_component>
      <object_component id="oc-38">
         <name>.text</name>
         <load_address>0x7278</load_address>
         <run_address>0x7278</run_address>
         <size>0x9c</size>
         <input_file_ref idref="fl-c4"/>
      </object_component>
      <object_component id="oc-12">
         <name>.text:decompress:lzss:__TI_decompress_lzss</name>
         <load_address>0x7314</load_address>
         <run_address>0x7314</run_address>
         <size>0x68</size>
         <input_file_ref idref="fl-c7"/>
      </object_component>
      <object_component id="oc-14a">
         <name>.text:SysCtlPeripheralReset</name>
         <load_address>0x737c</load_address>
         <run_address>0x737c</run_address>
         <size>0x50</size>
         <input_file_ref idref="fl-d4"/>
      </object_component>
      <object_component id="oc-168">
         <name>.text:I2CMasterInitExpClk</name>
         <load_address>0x73cc</load_address>
         <run_address>0x73cc</run_address>
         <size>0x4c</size>
         <input_file_ref idref="fl-d2"/>
      </object_component>
      <object_component id="oc-150">
         <name>.text:GPIOPinConfigure</name>
         <load_address>0x7418</load_address>
         <run_address>0x7418</run_address>
         <size>0x48</size>
         <input_file_ref idref="fl-d1"/>
      </object_component>
      <object_component id="oc-e8">
         <name>.text:__TI_auto_init_nobinit_nopinit:__TI_auto_init_nobinit_nopinit</name>
         <load_address>0x7460</load_address>
         <run_address>0x7460</run_address>
         <size>0x44</size>
         <input_file_ref idref="fl-ce"/>
      </object_component>
      <object_component id="oc-56">
         <name>.text:_c_int00_noargs:_c_int00_noargs</name>
         <load_address>0x74a4</load_address>
         <run_address>0x74a4</run_address>
         <size>0x38</size>
         <input_file_ref idref="fl-c8"/>
      </object_component>
      <object_component id="oc-144">
         <name>.text:SysCtlPeripheralEnable</name>
         <load_address>0x74dc</load_address>
         <run_address>0x74dc</run_address>
         <size>0x34</size>
         <input_file_ref idref="fl-d4"/>
      </object_component>
      <object_component id="oc-1ea">
         <name>.text:GPIODirModeSet</name>
         <load_address>0x7510</load_address>
         <run_address>0x7510</run_address>
         <size>0x2a</size>
         <input_file_ref idref="fl-d1"/>
      </object_component>
      <object_component id="oc-1c6">
         <name>.text:strcpy</name>
         <load_address>0x753a</load_address>
         <run_address>0x753a</run_address>
         <size>0x14</size>
         <input_file_ref idref="fl-cc"/>
      </object_component>
      <object_component id="oc-15c">
         <name>.text:GPIOPinTypeI2C</name>
         <load_address>0x754e</load_address>
         <run_address>0x754e</run_address>
         <size>0x12</size>
         <input_file_ref idref="fl-d1"/>
      </object_component>
      <object_component id="oc-156">
         <name>.text:GPIOPinTypeI2CSCL</name>
         <load_address>0x7560</load_address>
         <run_address>0x7560</run_address>
         <size>0x12</size>
         <input_file_ref idref="fl-d1"/>
      </object_component>
      <object_component id="oc-18">
         <name>.text:decompress:none:__TI_decompress_none</name>
         <load_address>0x7572</load_address>
         <run_address>0x7572</run_address>
         <size>0xe</size>
         <input_file_ref idref="fl-c6"/>
      </object_component>
      <object_component id="oc-24">
         <name>.text</name>
         <load_address>0x7580</load_address>
         <run_address>0x7580</run_address>
         <size>0xc</size>
         <input_file_ref idref="fl-2"/>
      </object_component>
      <object_component id="oc-1fc">
         <name>.text:I2CMasterEnable</name>
         <load_address>0x758c</load_address>
         <run_address>0x758c</run_address>
         <size>0xa</size>
         <input_file_ref idref="fl-d2"/>
      </object_component>
      <object_component id="oc-180">
         <name>.text:I2CMasterBusy</name>
         <load_address>0x7596</load_address>
         <run_address>0x7596</run_address>
         <size>0x8</size>
         <input_file_ref idref="fl-d2"/>
      </object_component>
      <object_component id="oc-16e">
         <name>.text:I2CMasterSlaveAddrSet</name>
         <load_address>0x759e</load_address>
         <run_address>0x759e</run_address>
         <size>0x8</size>
         <input_file_ref idref="fl-d2"/>
      </object_component>
      <object_component id="oc-17a">
         <name>.text:I2CMasterControl</name>
         <load_address>0x75a6</load_address>
         <run_address>0x75a6</run_address>
         <size>0x4</size>
         <input_file_ref idref="fl-d2"/>
      </object_component>
      <object_component id="oc-186">
         <name>.text:I2CMasterDataGet</name>
         <load_address>0x75aa</load_address>
         <run_address>0x75aa</run_address>
         <size>0x4</size>
         <input_file_ref idref="fl-d2"/>
      </object_component>
      <object_component id="oc-174">
         <name>.text:I2CMasterDataPut</name>
         <load_address>0x75ae</load_address>
         <run_address>0x75ae</run_address>
         <size>0x4</size>
         <input_file_ref idref="fl-d2"/>
      </object_component>
      <object_component id="oc-92">
         <name>.text:_system_pre_init</name>
         <load_address>0x75b2</load_address>
         <run_address>0x75b2</run_address>
         <size>0x4</size>
         <input_file_ref idref="fl-cf"/>
      </object_component>
      <object_component id="oc-dc">
         <name>.text:abort:abort</name>
         <load_address>0x75b6</load_address>
         <run_address>0x75b6</run_address>
         <size>0x4</size>
         <input_file_ref idref="fl-c9"/>
      </object_component>
      <object_component id="oc-1e5">
         <name>.const:g_pui32GPIOBaseAddrs</name>
         <load_address>0x75bc</load_address>
         <run_address>0x75bc</run_address>
         <size>0x90</size>
         <input_file_ref idref="fl-d1"/>
      </object_component>
      <object_component id="oc-1f8">
         <name>.const:g_pui32Xtals</name>
         <load_address>0x764c</load_address>
         <run_address>0x764c</run_address>
         <size>0x6c</size>
         <input_file_ref idref="fl-d4"/>
      </object_component>
      <object_component id="oc-134">
         <name>.const:$P$T0$1</name>
         <load_address>0x76b8</load_address>
         <run_address>0x76b8</run_address>
         <size>0x40</size>
         <input_file_ref idref="fl-3"/>
      </object_component>
      <object_component id="oc-29d">
         <name>.cinit..data.load</name>
         <load_address>0x76f8</load_address>
         <run_address>0x76f8</run_address>
         <size>0x2c1</size>
      </object_component>
      <object_component id="oc-29b">
         <name>__TI_handler_table</name>
         <load_address>0x79bc</load_address>
         <run_address>0x79bc</run_address>
         <size>0x8</size>
      </object_component>
      <object_component id="oc-29c">
         <name>__TI_cinit_table</name>
         <load_address>0x79c4</load_address>
         <run_address>0x79c4</run_address>
         <size>0x8</size>
      </object_component>
      <object_component id="oc-137">
         <name>.data:DefaultTuningSettings</name>
         <load_address>0x200001b6</load_address>
         <run_address>0x200001b6</run_address>
         <size>0xf3</size>
         <input_file_ref idref="fl-3"/>
      </object_component>
      <object_component id="oc-13a">
         <name>.data:InterruptThresholdSettings</name>
         <load_address>0x20000000</load_address>
         <run_address>0x20000000</run_address>
         <size>0x1b6</size>
         <input_file_ref idref="fl-3"/>
      </object_component>
      <object_component id="oc-1ce">
         <name>.data:refArrayQuadrants</name>
         <load_address>0x200002ac</load_address>
         <run_address>0x200002ac</run_address>
         <size>0x10</size>
         <input_file_ref idref="fl-4"/>
      </object_component>
      <object_component id="oc-21">
         <name>.stack</name>
         <uninitialized>true</uninitialized>
         <run_address>0x200002c0</run_address>
         <size>0x4</size>
         <input_file_ref idref="fl-c8"/>
      </object_component>
      <object_component id="oc-29e">
         <name>.stack</name>
         <uninitialized>true</uninitialized>
         <run_address>0x200002c0</run_address>
         <size>0x0</size>
      </object_component>
      <object_component id="oc-af">
         <name>.debug_info</name>
         <load_address>0x0</load_address>
         <run_address>0x0</run_address>
         <size>0x65b</size>
         <input_file_ref idref="fl-1"/>
      </object_component>
      <object_component id="oc-99">
         <name>.debug_info</name>
         <load_address>0x65b</load_address>
         <run_address>0x65b</run_address>
         <size>0x4de</size>
         <input_file_ref idref="fl-1"/>
      </object_component>
      <object_component id="oc-cd">
         <name>.debug_info</name>
         <load_address>0xb39</load_address>
         <run_address>0xb39</run_address>
         <size>0x90d</size>
         <input_file_ref idref="fl-1"/>
      </object_component>
      <object_component id="oc-d7">
         <name>.debug_info</name>
         <load_address>0x1446</load_address>
         <run_address>0x1446</run_address>
         <size>0x97</size>
         <input_file_ref idref="fl-1"/>
      </object_component>
      <object_component id="oc-6d">
         <name>.debug_info</name>
         <load_address>0x14dd</load_address>
         <run_address>0x14dd</run_address>
         <size>0x26b</size>
         <input_file_ref idref="fl-1"/>
      </object_component>
      <object_component id="oc-33">
         <name>.debug_info</name>
         <load_address>0x1748</load_address>
         <run_address>0x1748</run_address>
         <size>0x84</size>
         <input_file_ref idref="fl-1"/>
      </object_component>
      <object_component id="oc-aa">
         <name>.debug_info</name>
         <load_address>0x17cc</load_address>
         <run_address>0x17cc</run_address>
         <size>0x297</size>
         <input_file_ref idref="fl-1"/>
      </object_component>
      <object_component id="oc-72">
         <name>.debug_info</name>
         <load_address>0x1a63</load_address>
         <run_address>0x1a63</run_address>
         <size>0xbb</size>
         <input_file_ref idref="fl-1"/>
      </object_component>
      <object_component id="oc-13f">
         <name>.debug_info</name>
         <load_address>0x1b1e</load_address>
         <run_address>0x1b1e</run_address>
         <size>0x39</size>
         <input_file_ref idref="fl-1"/>
      </object_component>
      <object_component id="oc-d2">
         <name>.debug_info</name>
         <load_address>0x1b57</load_address>
         <run_address>0x1b57</run_address>
         <size>0x2c</size>
         <input_file_ref idref="fl-1"/>
      </object_component>
      <object_component id="oc-2c">
         <name>.debug_info</name>
         <load_address>0x1b83</load_address>
         <run_address>0x1b83</run_address>
         <size>0x2a1</size>
         <input_file_ref idref="fl-2"/>
      </object_component>
      <object_component id="oc-10">
         <name>.debug_info</name>
         <load_address>0x1e24</load_address>
         <run_address>0x1e24</run_address>
         <size>0xe0</size>
         <input_file_ref idref="fl-2"/>
      </object_component>
      <object_component id="oc-25">
         <name>.debug_info</name>
         <load_address>0x1f04</load_address>
         <run_address>0x1f04</run_address>
         <size>0x25c</size>
         <input_file_ref idref="fl-2"/>
      </object_component>
      <object_component id="oc-13e">
         <name>.debug_info</name>
         <load_address>0x2160</load_address>
         <run_address>0x2160</run_address>
         <size>0x100e</size>
         <input_file_ref idref="fl-3"/>
      </object_component>
      <object_component id="oc-138">
         <name>.debug_info</name>
         <load_address>0x316e</load_address>
         <run_address>0x316e</run_address>
         <size>0xee</size>
         <input_file_ref idref="fl-3"/>
      </object_component>
      <object_component id="oc-13b">
         <name>.debug_info</name>
         <load_address>0x325c</load_address>
         <run_address>0x325c</run_address>
         <size>0xf8</size>
         <input_file_ref idref="fl-3"/>
      </object_component>
      <object_component id="oc-135">
         <name>.debug_info</name>
         <load_address>0x3354</load_address>
         <run_address>0x3354</run_address>
         <size>0xd2</size>
         <input_file_ref idref="fl-3"/>
      </object_component>
      <object_component id="oc-c1">
         <name>.debug_info</name>
         <load_address>0x3426</load_address>
         <run_address>0x3426</run_address>
         <size>0xa025</size>
         <input_file_ref idref="fl-3"/>
      </object_component>
      <object_component id="oc-1d2">
         <name>.debug_info</name>
         <load_address>0xd44b</load_address>
         <run_address>0xd44b</run_address>
         <size>0x904</size>
         <input_file_ref idref="fl-4"/>
      </object_component>
      <object_component id="oc-1cf">
         <name>.debug_info</name>
         <load_address>0xdd4f</load_address>
         <run_address>0xdd4f</run_address>
         <size>0xf2</size>
         <input_file_ref idref="fl-4"/>
      </object_component>
      <object_component id="oc-129">
         <name>.debug_info</name>
         <load_address>0xde41</load_address>
         <run_address>0xde41</run_address>
         <size>0x39d4</size>
         <input_file_ref idref="fl-4"/>
      </object_component>
      <object_component id="oc-1d4">
         <name>.debug_info</name>
         <load_address>0x11815</load_address>
         <run_address>0x11815</run_address>
         <size>0x810</size>
         <input_file_ref idref="fl-5"/>
      </object_component>
      <object_component id="oc-12f">
         <name>.debug_info</name>
         <load_address>0x12025</load_address>
         <run_address>0x12025</run_address>
         <size>0x55c8</size>
         <input_file_ref idref="fl-5"/>
      </object_component>
      <object_component id="oc-1cd">
         <name>.debug_info</name>
         <load_address>0x175ed</load_address>
         <run_address>0x175ed</run_address>
         <size>0x3b6</size>
         <input_file_ref idref="fl-7"/>
      </object_component>
      <object_component id="oc-123">
         <name>.debug_info</name>
         <load_address>0x179a3</load_address>
         <run_address>0x179a3</run_address>
         <size>0xfc3</size>
         <input_file_ref idref="fl-7"/>
      </object_component>
      <object_component id="oc-197">
         <name>.debug_info</name>
         <load_address>0x18966</load_address>
         <run_address>0x18966</run_address>
         <size>0x7f1</size>
         <input_file_ref idref="fl-8"/>
      </object_component>
      <object_component id="oc-c7">
         <name>.debug_info</name>
         <load_address>0x19157</load_address>
         <run_address>0x19157</run_address>
         <size>0xf6b</size>
         <input_file_ref idref="fl-8"/>
      </object_component>
      <object_component id="oc-1bf">
         <name>.debug_info</name>
         <load_address>0x1a0c2</load_address>
         <run_address>0x1a0c2</run_address>
         <size>0xb29</size>
         <input_file_ref idref="fl-8"/>
      </object_component>
      <object_component id="oc-18d">
         <name>.debug_info</name>
         <load_address>0x1abeb</load_address>
         <run_address>0x1abeb</run_address>
         <size>0x8b</size>
         <input_file_ref idref="fl-8"/>
      </object_component>
      <object_component id="oc-209">
         <name>.debug_info</name>
         <load_address>0x1ac76</load_address>
         <run_address>0x1ac76</run_address>
         <size>0x2c9</size>
         <input_file_ref idref="fl-8"/>
      </object_component>
      <object_component id="oc-192">
         <name>.debug_info</name>
         <load_address>0x1af3f</load_address>
         <run_address>0x1af3f</run_address>
         <size>0xbb</size>
         <input_file_ref idref="fl-8"/>
      </object_component>
      <object_component id="oc-215">
         <name>.debug_info</name>
         <load_address>0x1affa</load_address>
         <run_address>0x1affa</run_address>
         <size>0x2a1</size>
         <input_file_ref idref="fl-8"/>
      </object_component>
      <object_component id="oc-23b">
         <name>.debug_info</name>
         <load_address>0x1b29b</load_address>
         <run_address>0x1b29b</run_address>
         <size>0x39</size>
         <input_file_ref idref="fl-8"/>
      </object_component>
      <object_component id="oc-210">
         <name>.debug_info</name>
         <load_address>0x1b2d4</load_address>
         <run_address>0x1b2d4</run_address>
         <size>0x2c</size>
         <input_file_ref idref="fl-8"/>
      </object_component>
      <object_component id="oc-1c4">
         <name>.debug_info</name>
         <load_address>0x1b300</load_address>
         <run_address>0x1b300</run_address>
         <size>0x7cc</size>
         <input_file_ref idref="fl-9"/>
      </object_component>
      <object_component id="oc-11d">
         <name>.debug_info</name>
         <load_address>0x1bacc</load_address>
         <run_address>0x1bacc</run_address>
         <size>0x106c</size>
         <input_file_ref idref="fl-9"/>
      </object_component>
      <object_component id="oc-1ba">
         <name>.debug_info</name>
         <load_address>0x1cb38</load_address>
         <run_address>0x1cb38</run_address>
         <size>0xcd</size>
         <input_file_ref idref="fl-9"/>
      </object_component>
      <object_component id="oc-242">
         <name>.debug_info</name>
         <load_address>0x1cc05</load_address>
         <run_address>0x1cc05</run_address>
         <size>0xf1</size>
         <input_file_ref idref="fl-9"/>
      </object_component>
      <object_component id="oc-39">
         <name>.debug_info</name>
         <load_address>0x1ccf6</load_address>
         <run_address>0x1ccf6</run_address>
         <size>0x111</size>
         <input_file_ref idref="fl-c4"/>
      </object_component>
      <object_component id="oc-43">
         <name>.debug_info</name>
         <load_address>0x1ce07</load_address>
         <run_address>0x1ce07</run_address>
         <size>0x29d</size>
         <input_file_ref idref="fl-c6"/>
      </object_component>
      <object_component id="oc-19">
         <name>.debug_info</name>
         <load_address>0x1d0a4</load_address>
         <run_address>0x1d0a4</run_address>
         <size>0x1df</size>
         <input_file_ref idref="fl-c6"/>
      </object_component>
      <object_component id="oc-3e">
         <name>.debug_info</name>
         <load_address>0x1d283</load_address>
         <run_address>0x1d283</run_address>
         <size>0x46</size>
         <input_file_ref idref="fl-c6"/>
      </object_component>
      <object_component id="oc-7e">
         <name>.debug_info</name>
         <load_address>0x1d2c9</load_address>
         <run_address>0x1d2c9</run_address>
         <size>0x2c</size>
         <input_file_ref idref="fl-c6"/>
      </object_component>
      <object_component id="oc-7c">
         <name>.debug_info</name>
         <load_address>0x1d2f5</load_address>
         <run_address>0x1d2f5</run_address>
         <size>0x293</size>
         <input_file_ref idref="fl-c7"/>
      </object_component>
      <object_component id="oc-13">
         <name>.debug_info</name>
         <load_address>0x1d588</load_address>
         <run_address>0x1d588</run_address>
         <size>0x245</size>
         <input_file_ref idref="fl-c7"/>
      </object_component>
      <object_component id="oc-2e">
         <name>.debug_info</name>
         <load_address>0x1d7cd</load_address>
         <run_address>0x1d7cd</run_address>
         <size>0x60</size>
         <input_file_ref idref="fl-c7"/>
      </object_component>
      <object_component id="oc-b0">
         <name>.debug_info</name>
         <load_address>0x1d82d</load_address>
         <run_address>0x1d82d</run_address>
         <size>0x46</size>
         <input_file_ref idref="fl-c7"/>
      </object_component>
      <object_component id="oc-77">
         <name>.debug_info</name>
         <load_address>0x1d873</load_address>
         <run_address>0x1d873</run_address>
         <size>0x39</size>
         <input_file_ref idref="fl-c7"/>
      </object_component>
      <object_component id="oc-22">
         <name>.debug_info</name>
         <load_address>0x1d8ac</load_address>
         <run_address>0x1d8ac</run_address>
         <size>0x100</size>
         <input_file_ref idref="fl-c8"/>
      </object_component>
      <object_component id="oc-57">
         <name>.debug_info</name>
         <load_address>0x1d9ac</load_address>
         <run_address>0x1d9ac</run_address>
         <size>0x1a4</size>
         <input_file_ref idref="fl-c8"/>
      </object_component>
      <object_component id="oc-dd">
         <name>.debug_info</name>
         <load_address>0x1db50</load_address>
         <run_address>0x1db50</run_address>
         <size>0x117</size>
         <input_file_ref idref="fl-c9"/>
      </object_component>
      <object_component id="oc-248">
         <name>.debug_info</name>
         <load_address>0x1dc67</load_address>
         <run_address>0x1dc67</run_address>
         <size>0x299</size>
         <input_file_ref idref="fl-cc"/>
      </object_component>
      <object_component id="oc-1c7">
         <name>.debug_info</name>
         <load_address>0x1df00</load_address>
         <run_address>0x1df00</run_address>
         <size>0x231</size>
         <input_file_ref idref="fl-cc"/>
      </object_component>
      <object_component id="oc-1a4">
         <name>.debug_info</name>
         <load_address>0x1e131</load_address>
         <run_address>0x1e131</run_address>
         <size>0x547</size>
         <input_file_ref idref="fl-ce"/>
      </object_component>
      <object_component id="oc-e9">
         <name>.debug_info</name>
         <load_address>0x1e678</load_address>
         <run_address>0x1e678</run_address>
         <size>0x19b</size>
         <input_file_ref idref="fl-ce"/>
      </object_component>
      <object_component id="oc-22a">
         <name>.debug_info</name>
         <load_address>0x1e813</load_address>
         <run_address>0x1e813</run_address>
         <size>0x39</size>
         <input_file_ref idref="fl-ce"/>
      </object_component>
      <object_component id="oc-266">
         <name>.debug_info</name>
         <load_address>0x1e84c</load_address>
         <run_address>0x1e84c</run_address>
         <size>0x39</size>
         <input_file_ref idref="fl-ce"/>
      </object_component>
      <object_component id="oc-22f">
         <name>.debug_info</name>
         <load_address>0x1e885</load_address>
         <run_address>0x1e885</run_address>
         <size>0x39</size>
         <input_file_ref idref="fl-ce"/>
      </object_component>
      <object_component id="oc-234">
         <name>.debug_info</name>
         <load_address>0x1e8be</load_address>
         <run_address>0x1e8be</run_address>
         <size>0xcd</size>
         <input_file_ref idref="fl-ce"/>
      </object_component>
      <object_component id="oc-93">
         <name>.debug_info</name>
         <load_address>0x1e98b</load_address>
         <run_address>0x1e98b</run_address>
         <size>0x148</size>
         <input_file_ref idref="fl-cf"/>
      </object_component>
      <object_component id="oc-1e9">
         <name>.debug_info</name>
         <load_address>0x1ead3</load_address>
         <run_address>0x1ead3</run_address>
         <size>0x230</size>
         <input_file_ref idref="fl-d1"/>
      </object_component>
      <object_component id="oc-1e6">
         <name>.debug_info</name>
         <load_address>0x1ed03</load_address>
         <run_address>0x1ed03</run_address>
         <size>0x15b</size>
         <input_file_ref idref="fl-d1"/>
      </object_component>
      <object_component id="oc-1eb">
         <name>.debug_info</name>
         <load_address>0x1ee5e</load_address>
         <run_address>0x1ee5e</run_address>
         <size>0x2b3</size>
         <input_file_ref idref="fl-d1"/>
      </object_component>
      <object_component id="oc-1f1">
         <name>.debug_info</name>
         <load_address>0x1f111</load_address>
         <run_address>0x1f111</run_address>
         <size>0x316</size>
         <input_file_ref idref="fl-d1"/>
      </object_component>
      <object_component id="oc-157">
         <name>.debug_info</name>
         <load_address>0x1f427</load_address>
         <run_address>0x1f427</run_address>
         <size>0x27f</size>
         <input_file_ref idref="fl-d1"/>
      </object_component>
      <object_component id="oc-15d">
         <name>.debug_info</name>
         <load_address>0x1f6a6</load_address>
         <run_address>0x1f6a6</run_address>
         <size>0x279</size>
         <input_file_ref idref="fl-d1"/>
      </object_component>
      <object_component id="oc-151">
         <name>.debug_info</name>
         <load_address>0x1f91f</load_address>
         <run_address>0x1f91f</run_address>
         <size>0x280</size>
         <input_file_ref idref="fl-d1"/>
      </object_component>
      <object_component id="oc-1de">
         <name>.debug_info</name>
         <load_address>0x1fb9f</load_address>
         <run_address>0x1fb9f</run_address>
         <size>0x18b</size>
         <input_file_ref idref="fl-d1"/>
      </object_component>
      <object_component id="oc-203">
         <name>.debug_info</name>
         <load_address>0x1fd2a</load_address>
         <run_address>0x1fd2a</run_address>
         <size>0x231</size>
         <input_file_ref idref="fl-d2"/>
      </object_component>
      <object_component id="oc-170">
         <name>.debug_info</name>
         <load_address>0x1ff5b</load_address>
         <run_address>0x1ff5b</run_address>
         <size>0x2ce</size>
         <input_file_ref idref="fl-d2"/>
      </object_component>
      <object_component id="oc-1fe">
         <name>.debug_info</name>
         <load_address>0x20229</load_address>
         <run_address>0x20229</run_address>
         <size>0x24e</size>
         <input_file_ref idref="fl-d2"/>
      </object_component>
      <object_component id="oc-16a">
         <name>.debug_info</name>
         <load_address>0x20477</load_address>
         <run_address>0x20477</run_address>
         <size>0x2d5</size>
         <input_file_ref idref="fl-d2"/>
      </object_component>
      <object_component id="oc-175">
         <name>.debug_info</name>
         <load_address>0x2074c</load_address>
         <run_address>0x2074c</run_address>
         <size>0x27e</size>
         <input_file_ref idref="fl-d2"/>
      </object_component>
      <object_component id="oc-187">
         <name>.debug_info</name>
         <load_address>0x209ca</load_address>
         <run_address>0x209ca</run_address>
         <size>0x254</size>
         <input_file_ref idref="fl-d2"/>
      </object_component>
      <object_component id="oc-17d">
         <name>.debug_info</name>
         <load_address>0x20c1e</load_address>
         <run_address>0x20c1e</run_address>
         <size>0x27e</size>
         <input_file_ref idref="fl-d2"/>
      </object_component>
      <object_component id="oc-183">
         <name>.debug_info</name>
         <load_address>0x20e9c</load_address>
         <run_address>0x20e9c</run_address>
         <size>0x24e</size>
         <input_file_ref idref="fl-d2"/>
      </object_component>
      <object_component id="oc-1e3">
         <name>.debug_info</name>
         <load_address>0x210ea</load_address>
         <run_address>0x210ea</run_address>
         <size>0x298</size>
         <input_file_ref idref="fl-d4"/>
      </object_component>
      <object_component id="oc-1f9">
         <name>.debug_info</name>
         <load_address>0x21382</load_address>
         <run_address>0x21382</run_address>
         <size>0x14d</size>
         <input_file_ref idref="fl-d4"/>
      </object_component>
      <object_component id="oc-14b">
         <name>.debug_info</name>
         <load_address>0x214cf</load_address>
         <run_address>0x214cf</run_address>
         <size>0x295</size>
         <input_file_ref idref="fl-d4"/>
      </object_component>
      <object_component id="oc-145">
         <name>.debug_info</name>
         <load_address>0x21764</load_address>
         <run_address>0x21764</run_address>
         <size>0x27d</size>
         <input_file_ref idref="fl-d4"/>
      </object_component>
      <object_component id="oc-163">
         <name>.debug_info</name>
         <load_address>0x219e1</load_address>
         <run_address>0x219e1</run_address>
         <size>0x2b5</size>
         <input_file_ref idref="fl-d4"/>
      </object_component>
      <object_component id="oc-253">
         <name>.debug_info</name>
         <load_address>0x21c96</load_address>
         <run_address>0x21c96</run_address>
         <size>0x5f</size>
         <input_file_ref idref="fl-d4"/>
      </object_component>
      <object_component id="oc-29f">
         <name>.debug_info</name>
         <load_address>0x21cf5</load_address>
         <run_address>0x21cf5</run_address>
         <size>0x96</size>
      </object_component>
      <object_component id="oc-11b">
         <name>.debug_line</name>
         <load_address>0x0</load_address>
         <run_address>0x0</run_address>
         <size>0xa1</size>
         <input_file_ref idref="fl-1"/>
      </object_component>
      <object_component id="oc-9c">
         <name>.debug_line</name>
         <load_address>0xa1</load_address>
         <run_address>0xa1</run_address>
         <size>0xc1</size>
         <input_file_ref idref="fl-1"/>
      </object_component>
      <object_component id="oc-d0">
         <name>.debug_line</name>
         <load_address>0x162</load_address>
         <run_address>0x162</run_address>
         <size>0x5a</size>
         <input_file_ref idref="fl-1"/>
      </object_component>
      <object_component id="oc-da">
         <name>.debug_line</name>
         <load_address>0x1bc</load_address>
         <run_address>0x1bc</run_address>
         <size>0x63</size>
         <input_file_ref idref="fl-1"/>
      </object_component>
      <object_component id="oc-70">
         <name>.debug_line</name>
         <load_address>0x21f</load_address>
         <run_address>0x21f</run_address>
         <size>0x71</size>
         <input_file_ref idref="fl-1"/>
      </object_component>
      <object_component id="oc-36">
         <name>.debug_line</name>
         <load_address>0x290</load_address>
         <run_address>0x290</run_address>
         <size>0x20</size>
         <input_file_ref idref="fl-1"/>
      </object_component>
      <object_component id="oc-ad">
         <name>.debug_line</name>
         <load_address>0x2b0</load_address>
         <run_address>0x2b0</run_address>
         <size>0x75</size>
         <input_file_ref idref="fl-1"/>
      </object_component>
      <object_component id="oc-75">
         <name>.debug_line</name>
         <load_address>0x325</load_address>
         <run_address>0x325</run_address>
         <size>0x72</size>
         <input_file_ref idref="fl-1"/>
      </object_component>
      <object_component id="oc-142">
         <name>.debug_line</name>
         <load_address>0x397</load_address>
         <run_address>0x397</run_address>
         <size>0x5d</size>
         <input_file_ref idref="fl-1"/>
      </object_component>
      <object_component id="oc-d5">
         <name>.debug_line</name>
         <load_address>0x3f4</load_address>
         <run_address>0x3f4</run_address>
         <size>0x60</size>
         <input_file_ref idref="fl-1"/>
      </object_component>
      <object_component id="oc-6c">
         <name>.debug_line</name>
         <load_address>0x454</load_address>
         <run_address>0x454</run_address>
         <size>0x41</size>
         <input_file_ref idref="fl-2"/>
      </object_component>
      <object_component id="oc-2b">
         <name>.debug_line</name>
         <load_address>0x495</load_address>
         <run_address>0x495</run_address>
         <size>0x41</size>
         <input_file_ref idref="fl-2"/>
      </object_component>
      <object_component id="oc-28">
         <name>.debug_line</name>
         <load_address>0x4d6</load_address>
         <run_address>0x4d6</run_address>
         <size>0xa1</size>
         <input_file_ref idref="fl-2"/>
      </object_component>
      <object_component id="oc-1dc">
         <name>.debug_line</name>
         <load_address>0x577</load_address>
         <run_address>0x577</run_address>
         <size>0x12a</size>
         <input_file_ref idref="fl-3"/>
      </object_component>
      <object_component id="oc-1d8">
         <name>.debug_line</name>
         <load_address>0x6a1</load_address>
         <run_address>0x6a1</run_address>
         <size>0x5d</size>
         <input_file_ref idref="fl-3"/>
      </object_component>
      <object_component id="oc-1da">
         <name>.debug_line</name>
         <load_address>0x6fe</load_address>
         <run_address>0x6fe</run_address>
         <size>0x73</size>
         <input_file_ref idref="fl-3"/>
      </object_component>
      <object_component id="oc-1d6">
         <name>.debug_line</name>
         <load_address>0x771</load_address>
         <run_address>0x771</run_address>
         <size>0x3d</size>
         <input_file_ref idref="fl-3"/>
      </object_component>
      <object_component id="oc-c4">
         <name>.debug_line</name>
         <load_address>0x7ae</load_address>
         <run_address>0x7ae</run_address>
         <size>0x17b4</size>
         <input_file_ref idref="fl-3"/>
      </object_component>
      <object_component id="oc-24e">
         <name>.debug_line</name>
         <load_address>0x1f62</load_address>
         <run_address>0x1f62</run_address>
         <size>0xdc</size>
         <input_file_ref idref="fl-4"/>
      </object_component>
      <object_component id="oc-24c">
         <name>.debug_line</name>
         <load_address>0x203e</load_address>
         <run_address>0x203e</run_address>
         <size>0x49</size>
         <input_file_ref idref="fl-4"/>
      </object_component>
      <object_component id="oc-12c">
         <name>.debug_line</name>
         <load_address>0x2087</load_address>
         <run_address>0x2087</run_address>
         <size>0x942</size>
         <input_file_ref idref="fl-4"/>
      </object_component>
      <object_component id="oc-250">
         <name>.debug_line</name>
         <load_address>0x29c9</load_address>
         <run_address>0x29c9</run_address>
         <size>0x130</size>
         <input_file_ref idref="fl-5"/>
      </object_component>
      <object_component id="oc-132">
         <name>.debug_line</name>
         <load_address>0x2af9</load_address>
         <run_address>0x2af9</run_address>
         <size>0xd94</size>
         <input_file_ref idref="fl-5"/>
      </object_component>
      <object_component id="oc-24a">
         <name>.debug_line</name>
         <load_address>0x388d</load_address>
         <run_address>0x388d</run_address>
         <size>0xef</size>
         <input_file_ref idref="fl-7"/>
      </object_component>
      <object_component id="oc-126">
         <name>.debug_line</name>
         <load_address>0x397c</load_address>
         <run_address>0x397c</run_address>
         <size>0x3f3</size>
         <input_file_ref idref="fl-7"/>
      </object_component>
      <object_component id="oc-20f">
         <name>.debug_line</name>
         <load_address>0x3d6f</load_address>
         <run_address>0x3d6f</run_address>
         <size>0x105</size>
         <input_file_ref idref="fl-8"/>
      </object_component>
      <object_component id="oc-ca">
         <name>.debug_line</name>
         <load_address>0x3e74</load_address>
         <run_address>0x3e74</run_address>
         <size>0x1a3</size>
         <input_file_ref idref="fl-8"/>
      </object_component>
      <object_component id="oc-1c2">
         <name>.debug_line</name>
         <load_address>0x4017</load_address>
         <run_address>0x4017</run_address>
         <size>0x5a</size>
         <input_file_ref idref="fl-8"/>
      </object_component>
      <object_component id="oc-190">
         <name>.debug_line</name>
         <load_address>0x4071</load_address>
         <run_address>0x4071</run_address>
         <size>0x20</size>
         <input_file_ref idref="fl-8"/>
      </object_component>
      <object_component id="oc-20c">
         <name>.debug_line</name>
         <load_address>0x4091</load_address>
         <run_address>0x4091</run_address>
         <size>0x75</size>
         <input_file_ref idref="fl-8"/>
      </object_component>
      <object_component id="oc-195">
         <name>.debug_line</name>
         <load_address>0x4106</load_address>
         <run_address>0x4106</run_address>
         <size>0x72</size>
         <input_file_ref idref="fl-8"/>
      </object_component>
      <object_component id="oc-218">
         <name>.debug_line</name>
         <load_address>0x4178</load_address>
         <run_address>0x4178</run_address>
         <size>0x71</size>
         <input_file_ref idref="fl-8"/>
      </object_component>
      <object_component id="oc-23e">
         <name>.debug_line</name>
         <load_address>0x41e9</load_address>
         <run_address>0x41e9</run_address>
         <size>0x5d</size>
         <input_file_ref idref="fl-8"/>
      </object_component>
      <object_component id="oc-213">
         <name>.debug_line</name>
         <load_address>0x4246</load_address>
         <run_address>0x4246</run_address>
         <size>0x60</size>
         <input_file_ref idref="fl-8"/>
      </object_component>
      <object_component id="oc-241">
         <name>.debug_line</name>
         <load_address>0x42a6</load_address>
         <run_address>0x42a6</run_address>
         <size>0x67</size>
         <input_file_ref idref="fl-9"/>
      </object_component>
      <object_component id="oc-120">
         <name>.debug_line</name>
         <load_address>0x430d</load_address>
         <run_address>0x430d</run_address>
         <size>0x22a</size>
         <input_file_ref idref="fl-9"/>
      </object_component>
      <object_component id="oc-1bd">
         <name>.debug_line</name>
         <load_address>0x4537</load_address>
         <run_address>0x4537</run_address>
         <size>0x63</size>
         <input_file_ref idref="fl-9"/>
      </object_component>
      <object_component id="oc-245">
         <name>.debug_line</name>
         <load_address>0x459a</load_address>
         <run_address>0x459a</run_address>
         <size>0x6c</size>
         <input_file_ref idref="fl-9"/>
      </object_component>
      <object_component id="oc-3c">
         <name>.debug_line</name>
         <load_address>0x4606</load_address>
         <run_address>0x4606</run_address>
         <size>0x88</size>
         <input_file_ref idref="fl-c4"/>
      </object_component>
      <object_component id="oc-84">
         <name>.debug_line</name>
         <load_address>0x468e</load_address>
         <run_address>0x468e</run_address>
         <size>0x20</size>
         <input_file_ref idref="fl-c6"/>
      </object_component>
      <object_component id="oc-1c">
         <name>.debug_line</name>
         <load_address>0x46ae</load_address>
         <run_address>0x46ae</run_address>
         <size>0x55</size>
         <input_file_ref idref="fl-c6"/>
      </object_component>
      <object_component id="oc-41">
         <name>.debug_line</name>
         <load_address>0x4703</load_address>
         <run_address>0x4703</run_address>
         <size>0x3a</size>
         <input_file_ref idref="fl-c6"/>
      </object_component>
      <object_component id="oc-81">
         <name>.debug_line</name>
         <load_address>0x473d</load_address>
         <run_address>0x473d</run_address>
         <size>0x8a</size>
         <input_file_ref idref="fl-c6"/>
      </object_component>
      <object_component id="oc-b6">
         <name>.debug_line</name>
         <load_address>0x47c7</load_address>
         <run_address>0x47c7</run_address>
         <size>0x20</size>
         <input_file_ref idref="fl-c7"/>
      </object_component>
      <object_component id="oc-16">
         <name>.debug_line</name>
         <load_address>0x47e7</load_address>
         <run_address>0x47e7</run_address>
         <size>0xa9</size>
         <input_file_ref idref="fl-c7"/>
      </object_component>
      <object_component id="oc-31">
         <name>.debug_line</name>
         <load_address>0x4890</load_address>
         <run_address>0x4890</run_address>
         <size>0x3a</size>
         <input_file_ref idref="fl-c7"/>
      </object_component>
      <object_component id="oc-b3">
         <name>.debug_line</name>
         <load_address>0x48ca</load_address>
         <run_address>0x48ca</run_address>
         <size>0x92</size>
         <input_file_ref idref="fl-c7"/>
      </object_component>
      <object_component id="oc-7a">
         <name>.debug_line</name>
         <load_address>0x495c</load_address>
         <run_address>0x495c</run_address>
         <size>0x8e</size>
         <input_file_ref idref="fl-c7"/>
      </object_component>
      <object_component id="oc-69">
         <name>.debug_line</name>
         <load_address>0x49ea</load_address>
         <run_address>0x49ea</run_address>
         <size>0x33</size>
         <input_file_ref idref="fl-c8"/>
      </object_component>
      <object_component id="oc-5a">
         <name>.debug_line</name>
         <load_address>0x4a1d</load_address>
         <run_address>0x4a1d</run_address>
         <size>0x56</size>
         <input_file_ref idref="fl-c8"/>
      </object_component>
      <object_component id="oc-e0">
         <name>.debug_line</name>
         <load_address>0x4a73</load_address>
         <run_address>0x4a73</run_address>
         <size>0x3c</size>
         <input_file_ref idref="fl-c9"/>
      </object_component>
      <object_component id="oc-273">
         <name>.debug_line</name>
         <load_address>0x4aaf</load_address>
         <run_address>0x4aaf</run_address>
         <size>0x20</size>
         <input_file_ref idref="fl-cc"/>
      </object_component>
      <object_component id="oc-1ca">
         <name>.debug_line</name>
         <load_address>0x4acf</load_address>
         <run_address>0x4acf</run_address>
         <size>0xa0</size>
         <input_file_ref idref="fl-cc"/>
      </object_component>
      <object_component id="oc-229">
         <name>.debug_line</name>
         <load_address>0x4b6f</load_address>
         <run_address>0x4b6f</run_address>
         <size>0xb7</size>
         <input_file_ref idref="fl-ce"/>
      </object_component>
      <object_component id="oc-ec">
         <name>.debug_line</name>
         <load_address>0x4c26</load_address>
         <run_address>0x4c26</run_address>
         <size>0x6c</size>
         <input_file_ref idref="fl-ce"/>
      </object_component>
      <object_component id="oc-22d">
         <name>.debug_line</name>
         <load_address>0x4c92</load_address>
         <run_address>0x4c92</run_address>
         <size>0x2e</size>
         <input_file_ref idref="fl-ce"/>
      </object_component>
      <object_component id="oc-269">
         <name>.debug_line</name>
         <load_address>0x4cc0</load_address>
         <run_address>0x4cc0</run_address>
         <size>0x92</size>
         <input_file_ref idref="fl-ce"/>
      </object_component>
      <object_component id="oc-232">
         <name>.debug_line</name>
         <load_address>0x4d52</load_address>
         <run_address>0x4d52</run_address>
         <size>0x8f</size>
         <input_file_ref idref="fl-ce"/>
      </object_component>
      <object_component id="oc-237">
         <name>.debug_line</name>
         <load_address>0x4de1</load_address>
         <run_address>0x4de1</run_address>
         <size>0x8b</size>
         <input_file_ref idref="fl-ce"/>
      </object_component>
      <object_component id="oc-96">
         <name>.debug_line</name>
         <load_address>0x4e6c</load_address>
         <run_address>0x4e6c</run_address>
         <size>0x40</size>
         <input_file_ref idref="fl-cf"/>
      </object_component>
      <object_component id="oc-25b">
         <name>.debug_line</name>
         <load_address>0x4eac</load_address>
         <run_address>0x4eac</run_address>
         <size>0x82</size>
         <input_file_ref idref="fl-d1"/>
      </object_component>
      <object_component id="oc-259">
         <name>.debug_line</name>
         <load_address>0x4f2e</load_address>
         <run_address>0x4f2e</run_address>
         <size>0x7d</size>
         <input_file_ref idref="fl-d1"/>
      </object_component>
      <object_component id="oc-1ee">
         <name>.debug_line</name>
         <load_address>0x4fab</load_address>
         <run_address>0x4fab</run_address>
         <size>0x95</size>
         <input_file_ref idref="fl-d1"/>
      </object_component>
      <object_component id="oc-1f4">
         <name>.debug_line</name>
         <load_address>0x5040</load_address>
         <run_address>0x5040</run_address>
         <size>0xd1</size>
         <input_file_ref idref="fl-d1"/>
      </object_component>
      <object_component id="oc-15a">
         <name>.debug_line</name>
         <load_address>0x5111</load_address>
         <run_address>0x5111</run_address>
         <size>0x93</size>
         <input_file_ref idref="fl-d1"/>
      </object_component>
      <object_component id="oc-160">
         <name>.debug_line</name>
         <load_address>0x51a4</load_address>
         <run_address>0x51a4</run_address>
         <size>0x93</size>
         <input_file_ref idref="fl-d1"/>
      </object_component>
      <object_component id="oc-154">
         <name>.debug_line</name>
         <load_address>0x5237</load_address>
         <run_address>0x5237</run_address>
         <size>0xa7</size>
         <input_file_ref idref="fl-d1"/>
      </object_component>
      <object_component id="oc-1e1">
         <name>.debug_line</name>
         <load_address>0x52de</load_address>
         <run_address>0x52de</run_address>
         <size>0x69</size>
         <input_file_ref idref="fl-d1"/>
      </object_component>
      <object_component id="oc-262">
         <name>.debug_line</name>
         <load_address>0x5347</load_address>
         <run_address>0x5347</run_address>
         <size>0x82</size>
         <input_file_ref idref="fl-d2"/>
      </object_component>
      <object_component id="oc-16f">
         <name>.debug_line</name>
         <load_address>0x53c9</load_address>
         <run_address>0x53c9</run_address>
         <size>0x91</size>
         <input_file_ref idref="fl-d2"/>
      </object_component>
      <object_component id="oc-201">
         <name>.debug_line</name>
         <load_address>0x545a</load_address>
         <run_address>0x545a</run_address>
         <size>0x91</size>
         <input_file_ref idref="fl-d2"/>
      </object_component>
      <object_component id="oc-169">
         <name>.debug_line</name>
         <load_address>0x54eb</load_address>
         <run_address>0x54eb</run_address>
         <size>0xa5</size>
         <input_file_ref idref="fl-d2"/>
      </object_component>
      <object_component id="oc-178">
         <name>.debug_line</name>
         <load_address>0x5590</load_address>
         <run_address>0x5590</run_address>
         <size>0x91</size>
         <input_file_ref idref="fl-d2"/>
      </object_component>
      <object_component id="oc-18a">
         <name>.debug_line</name>
         <load_address>0x5621</load_address>
         <run_address>0x5621</run_address>
         <size>0x91</size>
         <input_file_ref idref="fl-d2"/>
      </object_component>
      <object_component id="oc-17b">
         <name>.debug_line</name>
         <load_address>0x56b2</load_address>
         <run_address>0x56b2</run_address>
         <size>0x91</size>
         <input_file_ref idref="fl-d2"/>
      </object_component>
      <object_component id="oc-181">
         <name>.debug_line</name>
         <load_address>0x5743</load_address>
         <run_address>0x5743</run_address>
         <size>0x91</size>
         <input_file_ref idref="fl-d2"/>
      </object_component>
      <object_component id="oc-252">
         <name>.debug_line</name>
         <load_address>0x57d4</load_address>
         <run_address>0x57d4</run_address>
         <size>0x13d</size>
         <input_file_ref idref="fl-d4"/>
      </object_component>
      <object_component id="oc-25f">
         <name>.debug_line</name>
         <load_address>0x5911</load_address>
         <run_address>0x5911</run_address>
         <size>0x7f</size>
         <input_file_ref idref="fl-d4"/>
      </object_component>
      <object_component id="oc-14e">
         <name>.debug_line</name>
         <load_address>0x5990</load_address>
         <run_address>0x5990</run_address>
         <size>0xa7</size>
         <input_file_ref idref="fl-d4"/>
      </object_component>
      <object_component id="oc-148">
         <name>.debug_line</name>
         <load_address>0x5a37</load_address>
         <run_address>0x5a37</run_address>
         <size>0x94</size>
         <input_file_ref idref="fl-d4"/>
      </object_component>
      <object_component id="oc-166">
         <name>.debug_line</name>
         <load_address>0x5acb</load_address>
         <run_address>0x5acb</run_address>
         <size>0x11a</size>
         <input_file_ref idref="fl-d4"/>
      </object_component>
      <object_component id="oc-256">
         <name>.debug_line</name>
         <load_address>0x5be5</load_address>
         <run_address>0x5be5</run_address>
         <size>0x7f</size>
         <input_file_ref idref="fl-d4"/>
      </object_component>
      <object_component id="oc-9d">
         <name>.debug_frame</name>
         <load_address>0x0</load_address>
         <run_address>0x0</run_address>
         <size>0x7c</size>
         <input_file_ref idref="fl-1"/>
      </object_component>
      <object_component id="oc-29">
         <name>.debug_frame</name>
         <load_address>0x7c</load_address>
         <run_address>0x7c</run_address>
         <size>0x90</size>
         <input_file_ref idref="fl-2"/>
      </object_component>
      <object_component id="oc-c5">
         <name>.debug_frame</name>
         <load_address>0x10c</load_address>
         <run_address>0x10c</run_address>
         <size>0xb08</size>
         <input_file_ref idref="fl-3"/>
      </object_component>
      <object_component id="oc-12d">
         <name>.debug_frame</name>
         <load_address>0xc14</load_address>
         <run_address>0xc14</run_address>
         <size>0x2e8</size>
         <input_file_ref idref="fl-4"/>
      </object_component>
      <object_component id="oc-133">
         <name>.debug_frame</name>
         <load_address>0xefc</load_address>
         <run_address>0xefc</run_address>
         <size>0x308</size>
         <input_file_ref idref="fl-5"/>
      </object_component>
      <object_component id="oc-127">
         <name>.debug_frame</name>
         <load_address>0x1204</load_address>
         <run_address>0x1204</run_address>
         <size>0x130</size>
         <input_file_ref idref="fl-7"/>
      </object_component>
      <object_component id="oc-cb">
         <name>.debug_frame</name>
         <load_address>0x1334</load_address>
         <run_address>0x1334</run_address>
         <size>0x13c</size>
         <input_file_ref idref="fl-8"/>
      </object_component>
      <object_component id="oc-121">
         <name>.debug_frame</name>
         <load_address>0x1470</load_address>
         <run_address>0x1470</run_address>
         <size>0x184</size>
         <input_file_ref idref="fl-9"/>
      </object_component>
      <object_component id="oc-1d">
         <name>.debug_frame</name>
         <load_address>0x15f4</load_address>
         <run_address>0x15f4</run_address>
         <size>0x54</size>
         <input_file_ref idref="fl-c6"/>
      </object_component>
      <object_component id="oc-17">
         <name>.debug_frame</name>
         <load_address>0x1648</load_address>
         <run_address>0x1648</run_address>
         <size>0x60</size>
         <input_file_ref idref="fl-c7"/>
      </object_component>
      <object_component id="oc-5b">
         <name>.debug_frame</name>
         <load_address>0x16a8</load_address>
         <run_address>0x16a8</run_address>
         <size>0x58</size>
         <input_file_ref idref="fl-c8"/>
      </object_component>
      <object_component id="oc-e1">
         <name>.debug_frame</name>
         <load_address>0x1700</load_address>
         <run_address>0x1700</run_address>
         <size>0x54</size>
         <input_file_ref idref="fl-c9"/>
      </object_component>
      <object_component id="oc-1cb">
         <name>.debug_frame</name>
         <load_address>0x1754</load_address>
         <run_address>0x1754</run_address>
         <size>0x54</size>
         <input_file_ref idref="fl-cc"/>
      </object_component>
      <object_component id="oc-ed">
         <name>.debug_frame</name>
         <load_address>0x17a8</load_address>
         <run_address>0x17a8</run_address>
         <size>0x5c</size>
         <input_file_ref idref="fl-ce"/>
      </object_component>
      <object_component id="oc-97">
         <name>.debug_frame</name>
         <load_address>0x1804</load_address>
         <run_address>0x1804</run_address>
         <size>0x54</size>
         <input_file_ref idref="fl-cf"/>
      </object_component>
      <object_component id="oc-1ef">
         <name>.debug_frame</name>
         <load_address>0x1858</load_address>
         <run_address>0x1858</run_address>
         <size>0x7f</size>
         <input_file_ref idref="fl-d1"/>
      </object_component>
      <object_component id="oc-1f5">
         <name>.debug_frame</name>
         <load_address>0x18d7</load_address>
         <run_address>0x18d7</run_address>
         <size>0x8f</size>
         <input_file_ref idref="fl-d1"/>
      </object_component>
      <object_component id="oc-15b">
         <name>.debug_frame</name>
         <load_address>0x1966</load_address>
         <run_address>0x1966</run_address>
         <size>0x86</size>
         <input_file_ref idref="fl-d1"/>
      </object_component>
      <object_component id="oc-161">
         <name>.debug_frame</name>
         <load_address>0x19ec</load_address>
         <run_address>0x19ec</run_address>
         <size>0x86</size>
         <input_file_ref idref="fl-d1"/>
      </object_component>
      <object_component id="oc-155">
         <name>.debug_frame</name>
         <load_address>0x1a72</load_address>
         <run_address>0x1a72</run_address>
         <size>0x86</size>
         <input_file_ref idref="fl-d1"/>
      </object_component>
      <object_component id="oc-173">
         <name>.debug_frame</name>
         <load_address>0x1af8</load_address>
         <run_address>0x1af8</run_address>
         <size>0x7f</size>
         <input_file_ref idref="fl-d2"/>
      </object_component>
      <object_component id="oc-1fd">
         <name>.debug_frame</name>
         <load_address>0x1b77</load_address>
         <run_address>0x1b77</run_address>
         <size>0x7f</size>
         <input_file_ref idref="fl-d2"/>
      </object_component>
      <object_component id="oc-16d">
         <name>.debug_frame</name>
         <load_address>0x1bf6</load_address>
         <run_address>0x1bf6</run_address>
         <size>0x8a</size>
         <input_file_ref idref="fl-d2"/>
      </object_component>
      <object_component id="oc-179">
         <name>.debug_frame</name>
         <load_address>0x1c80</load_address>
         <run_address>0x1c80</run_address>
         <size>0x7f</size>
         <input_file_ref idref="fl-d2"/>
      </object_component>
      <object_component id="oc-18b">
         <name>.debug_frame</name>
         <load_address>0x1cff</load_address>
         <run_address>0x1cff</run_address>
         <size>0x7f</size>
         <input_file_ref idref="fl-d2"/>
      </object_component>
      <object_component id="oc-17c">
         <name>.debug_frame</name>
         <load_address>0x1d7e</load_address>
         <run_address>0x1d7e</run_address>
         <size>0x7f</size>
         <input_file_ref idref="fl-d2"/>
      </object_component>
      <object_component id="oc-182">
         <name>.debug_frame</name>
         <load_address>0x1dfd</load_address>
         <run_address>0x1dfd</run_address>
         <size>0x7f</size>
         <input_file_ref idref="fl-d2"/>
      </object_component>
      <object_component id="oc-14f">
         <name>.debug_frame</name>
         <load_address>0x1e7c</load_address>
         <run_address>0x1e7c</run_address>
         <size>0x85</size>
         <input_file_ref idref="fl-d4"/>
      </object_component>
      <object_component id="oc-149">
         <name>.debug_frame</name>
         <load_address>0x1f01</load_address>
         <run_address>0x1f01</run_address>
         <size>0x7f</size>
         <input_file_ref idref="fl-d4"/>
      </object_component>
      <object_component id="oc-167">
         <name>.debug_frame</name>
         <load_address>0x1f80</load_address>
         <run_address>0x1f80</run_address>
         <size>0x8e</size>
         <input_file_ref idref="fl-d4"/>
      </object_component>
      <object_component id="oc-11a">
         <name>.debug_abbrev</name>
         <load_address>0x0</load_address>
         <run_address>0x0</run_address>
         <size>0x96</size>
         <input_file_ref idref="fl-1"/>
      </object_component>
      <object_component id="oc-cc">
         <name>.debug_abbrev</name>
         <load_address>0x96</load_address>
         <run_address>0x96</run_address>
         <size>0xab</size>
         <input_file_ref idref="fl-1"/>
      </object_component>
      <object_component id="oc-cf">
         <name>.debug_abbrev</name>
         <load_address>0x141</load_address>
         <run_address>0x141</run_address>
         <size>0xdc</size>
         <input_file_ref idref="fl-1"/>
      </object_component>
      <object_component id="oc-d9">
         <name>.debug_abbrev</name>
         <load_address>0x21d</load_address>
         <run_address>0x21d</run_address>
         <size>0x5a</size>
         <input_file_ref idref="fl-1"/>
      </object_component>
      <object_component id="oc-6f">
         <name>.debug_abbrev</name>
         <load_address>0x277</load_address>
         <run_address>0x277</run_address>
         <size>0x69</size>
         <input_file_ref idref="fl-1"/>
      </object_component>
      <object_component id="oc-35">
         <name>.debug_abbrev</name>
         <load_address>0x2e0</load_address>
         <run_address>0x2e0</run_address>
         <size>0x1f</size>
         <input_file_ref idref="fl-1"/>
      </object_component>
      <object_component id="oc-ac">
         <name>.debug_abbrev</name>
         <load_address>0x2ff</load_address>
         <run_address>0x2ff</run_address>
         <size>0x5c</size>
         <input_file_ref idref="fl-1"/>
      </object_component>
      <object_component id="oc-74">
         <name>.debug_abbrev</name>
         <load_address>0x35b</load_address>
         <run_address>0x35b</run_address>
         <size>0x24</size>
         <input_file_ref idref="fl-1"/>
      </object_component>
      <object_component id="oc-141">
         <name>.debug_abbrev</name>
         <load_address>0x37f</load_address>
         <run_address>0x37f</run_address>
         <size>0x24</size>
         <input_file_ref idref="fl-1"/>
      </object_component>
      <object_component id="oc-d4">
         <name>.debug_abbrev</name>
         <load_address>0x3a3</load_address>
         <run_address>0x3a3</run_address>
         <size>0x24</size>
         <input_file_ref idref="fl-1"/>
      </object_component>
      <object_component id="oc-6b">
         <name>.debug_abbrev</name>
         <load_address>0x3c7</load_address>
         <run_address>0x3c7</run_address>
         <size>0x68</size>
         <input_file_ref idref="fl-2"/>
      </object_component>
      <object_component id="oc-2a">
         <name>.debug_abbrev</name>
         <load_address>0x42f</load_address>
         <run_address>0x42f</run_address>
         <size>0x29</size>
         <input_file_ref idref="fl-2"/>
      </object_component>
      <object_component id="oc-6a">
         <name>.debug_abbrev</name>
         <load_address>0x458</load_address>
         <run_address>0x458</run_address>
         <size>0x79</size>
         <input_file_ref idref="fl-2"/>
      </object_component>
      <object_component id="oc-1db">
         <name>.debug_abbrev</name>
         <load_address>0x4d1</load_address>
         <run_address>0x4d1</run_address>
         <size>0x97</size>
         <input_file_ref idref="fl-3"/>
      </object_component>
      <object_component id="oc-1d7">
         <name>.debug_abbrev</name>
         <load_address>0x568</load_address>
         <run_address>0x568</run_address>
         <size>0x29</size>
         <input_file_ref idref="fl-3"/>
      </object_component>
      <object_component id="oc-1d9">
         <name>.debug_abbrev</name>
         <load_address>0x591</load_address>
         <run_address>0x591</run_address>
         <size>0x29</size>
         <input_file_ref idref="fl-3"/>
      </object_component>
      <object_component id="oc-1d5">
         <name>.debug_abbrev</name>
         <load_address>0x5ba</load_address>
         <run_address>0x5ba</run_address>
         <size>0x27</size>
         <input_file_ref idref="fl-3"/>
      </object_component>
      <object_component id="oc-13d">
         <name>.debug_abbrev</name>
         <load_address>0x5e1</load_address>
         <run_address>0x5e1</run_address>
         <size>0xda</size>
         <input_file_ref idref="fl-3"/>
      </object_component>
      <object_component id="oc-24d">
         <name>.debug_abbrev</name>
         <load_address>0x6bb</load_address>
         <run_address>0x6bb</run_address>
         <size>0x9b</size>
         <input_file_ref idref="fl-4"/>
      </object_component>
      <object_component id="oc-24b">
         <name>.debug_abbrev</name>
         <load_address>0x756</load_address>
         <run_address>0x756</run_address>
         <size>0x29</size>
         <input_file_ref idref="fl-4"/>
      </object_component>
      <object_component id="oc-1d1">
         <name>.debug_abbrev</name>
         <load_address>0x77f</load_address>
         <run_address>0x77f</run_address>
         <size>0x107</size>
         <input_file_ref idref="fl-4"/>
      </object_component>
      <object_component id="oc-24f">
         <name>.debug_abbrev</name>
         <load_address>0x886</load_address>
         <run_address>0x886</run_address>
         <size>0xba</size>
         <input_file_ref idref="fl-5"/>
      </object_component>
      <object_component id="oc-1d3">
         <name>.debug_abbrev</name>
         <load_address>0x940</load_address>
         <run_address>0x940</run_address>
         <size>0xda</size>
         <input_file_ref idref="fl-5"/>
      </object_component>
      <object_component id="oc-249">
         <name>.debug_abbrev</name>
         <load_address>0xa1a</load_address>
         <run_address>0xa1a</run_address>
         <size>0xa2</size>
         <input_file_ref idref="fl-7"/>
      </object_component>
      <object_component id="oc-1cc">
         <name>.debug_abbrev</name>
         <load_address>0xabc</load_address>
         <run_address>0xabc</run_address>
         <size>0xda</size>
         <input_file_ref idref="fl-7"/>
      </object_component>
      <object_component id="oc-20e">
         <name>.debug_abbrev</name>
         <load_address>0xb96</load_address>
         <run_address>0xb96</run_address>
         <size>0xdb</size>
         <input_file_ref idref="fl-8"/>
      </object_component>
      <object_component id="oc-18c">
         <name>.debug_abbrev</name>
         <load_address>0xc71</load_address>
         <run_address>0xc71</run_address>
         <size>0x7c</size>
         <input_file_ref idref="fl-8"/>
      </object_component>
      <object_component id="oc-1c1">
         <name>.debug_abbrev</name>
         <load_address>0xced</load_address>
         <run_address>0xced</run_address>
         <size>0xfb</size>
         <input_file_ref idref="fl-8"/>
      </object_component>
      <object_component id="oc-18f">
         <name>.debug_abbrev</name>
         <load_address>0xde8</load_address>
         <run_address>0xde8</run_address>
         <size>0x1f</size>
         <input_file_ref idref="fl-8"/>
      </object_component>
      <object_component id="oc-20b">
         <name>.debug_abbrev</name>
         <load_address>0xe07</load_address>
         <run_address>0xe07</run_address>
         <size>0x75</size>
         <input_file_ref idref="fl-8"/>
      </object_component>
      <object_component id="oc-194">
         <name>.debug_abbrev</name>
         <load_address>0xe7c</load_address>
         <run_address>0xe7c</run_address>
         <size>0x24</size>
         <input_file_ref idref="fl-8"/>
      </object_component>
      <object_component id="oc-217">
         <name>.debug_abbrev</name>
         <load_address>0xea0</load_address>
         <run_address>0xea0</run_address>
         <size>0x84</size>
         <input_file_ref idref="fl-8"/>
      </object_component>
      <object_component id="oc-23d">
         <name>.debug_abbrev</name>
         <load_address>0xf24</load_address>
         <run_address>0xf24</run_address>
         <size>0x24</size>
         <input_file_ref idref="fl-8"/>
      </object_component>
      <object_component id="oc-212">
         <name>.debug_abbrev</name>
         <load_address>0xf48</load_address>
         <run_address>0xf48</run_address>
         <size>0x24</size>
         <input_file_ref idref="fl-8"/>
      </object_component>
      <object_component id="oc-240">
         <name>.debug_abbrev</name>
         <load_address>0xf6c</load_address>
         <run_address>0xf6c</run_address>
         <size>0xa0</size>
         <input_file_ref idref="fl-9"/>
      </object_component>
      <object_component id="oc-1b9">
         <name>.debug_abbrev</name>
         <load_address>0x100c</load_address>
         <run_address>0x100c</run_address>
         <size>0xd4</size>
         <input_file_ref idref="fl-9"/>
      </object_component>
      <object_component id="oc-1bc">
         <name>.debug_abbrev</name>
         <load_address>0x10e0</load_address>
         <run_address>0x10e0</run_address>
         <size>0x75</size>
         <input_file_ref idref="fl-9"/>
      </object_component>
      <object_component id="oc-244">
         <name>.debug_abbrev</name>
         <load_address>0x1155</load_address>
         <run_address>0x1155</run_address>
         <size>0x75</size>
         <input_file_ref idref="fl-9"/>
      </object_component>
      <object_component id="oc-7d">
         <name>.debug_abbrev</name>
         <load_address>0x11ca</load_address>
         <run_address>0x11ca</run_address>
         <size>0x3e</size>
         <input_file_ref idref="fl-c4"/>
      </object_component>
      <object_component id="oc-83">
         <name>.debug_abbrev</name>
         <load_address>0x1208</load_address>
         <run_address>0x1208</run_address>
         <size>0x37</size>
         <input_file_ref idref="fl-c6"/>
      </object_component>
      <object_component id="oc-3d">
         <name>.debug_abbrev</name>
         <load_address>0x123f</load_address>
         <run_address>0x123f</run_address>
         <size>0x74</size>
         <input_file_ref idref="fl-c6"/>
      </object_component>
      <object_component id="oc-40">
         <name>.debug_abbrev</name>
         <load_address>0x12b3</load_address>
         <run_address>0x12b3</run_address>
         <size>0x24</size>
         <input_file_ref idref="fl-c6"/>
      </object_component>
      <object_component id="oc-80">
         <name>.debug_abbrev</name>
         <load_address>0x12d7</load_address>
         <run_address>0x12d7</run_address>
         <size>0x24</size>
         <input_file_ref idref="fl-c6"/>
      </object_component>
      <object_component id="oc-b5">
         <name>.debug_abbrev</name>
         <load_address>0x12fb</load_address>
         <run_address>0x12fb</run_address>
         <size>0x37</size>
         <input_file_ref idref="fl-c7"/>
      </object_component>
      <object_component id="oc-2d">
         <name>.debug_abbrev</name>
         <load_address>0x1332</load_address>
         <run_address>0x1332</run_address>
         <size>0x6f</size>
         <input_file_ref idref="fl-c7"/>
      </object_component>
      <object_component id="oc-30">
         <name>.debug_abbrev</name>
         <load_address>0x13a1</load_address>
         <run_address>0x13a1</run_address>
         <size>0x24</size>
         <input_file_ref idref="fl-c7"/>
      </object_component>
      <object_component id="oc-b2">
         <name>.debug_abbrev</name>
         <load_address>0x13c5</load_address>
         <run_address>0x13c5</run_address>
         <size>0x35</size>
         <input_file_ref idref="fl-c7"/>
      </object_component>
      <object_component id="oc-79">
         <name>.debug_abbrev</name>
         <load_address>0x13fa</load_address>
         <run_address>0x13fa</run_address>
         <size>0x24</size>
         <input_file_ref idref="fl-c7"/>
      </object_component>
      <object_component id="oc-68">
         <name>.debug_abbrev</name>
         <load_address>0x141e</load_address>
         <run_address>0x141e</run_address>
         <size>0x29</size>
         <input_file_ref idref="fl-c8"/>
      </object_component>
      <object_component id="oc-a1">
         <name>.debug_abbrev</name>
         <load_address>0x1447</load_address>
         <run_address>0x1447</run_address>
         <size>0x61</size>
         <input_file_ref idref="fl-c8"/>
      </object_component>
[...]
      </symbol>
      <symbol id="sm-276">
         <name>VL53L0X_SetReferenceSpads</name>
         <value>0x2a39</value>
         <object_component_ref idref="oc-c0"/>
      </symbol>
      <symbol id="sm-277">
         <name>VL53L0X_SetVcselPulsePeriod</name>
         <value>0xf0f</value>
         <object_component_ref idref="oc-c0"/>
      </symbol>
      <symbol id="sm-278">
         <name>VL53L0X_GetVcselPulsePeriod</name>
         <value>0xf39</value>
         <object_component_ref idref="oc-c0"/>
      </symbol>
      <symbol id="sm-279">
         <name>VL53L0X_SetTuningSettingBuffer</name>
         <value>0x85d</value>
         <object_component_ref idref="oc-c0"/>
      </symbol>
      <symbol id="sm-27a">
         <name>VL53L0X_GetDeviceParameters</name>
         <value>0xcd9</value>
         <object_component_ref idref="oc-c0"/>
      </symbol>
      <symbol id="sm-27b">
         <name>VL53L0X_SetDeviceParameters</name>
         <value>0xbed</value>
         <object_component_ref idref="oc-c0"/>
      </symbol>
      <symbol id="sm-27c">
         <name>VL53L0X_GetLimitCheckInfo</name>
         <value>0x1607</value>
         <object_component_ref idref="oc-c0"/>
      </symbol>
      <symbol id="sm-27d">
         <name>VL53L0X_WaitDeviceBooted</name>
         <value>0xb49</value>
         <object_component_ref idref="oc-c0"/>
      </symbol>
      <symbol id="sm-27e">
         <name>VL53L0X_GetNumberOfLimitCheck</name>
         <value>0x15ed</value>
         <object_component_ref idref="oc-c0"/>
      </symbol>
      <symbol id="sm-27f">
         <name>VL53L0X_GetDeviceErrorStatus</name>
         <value>0x325</value>
         <object_component_ref idref="oc-c0"/>
      </symbol>
      <symbol id="sm-280">
         <name>VL53L0X_GetPalState</name>
         <value>0x3dd</value>
         <object_component_ref idref="oc-c0"/>
      </symbol>
      <symbol id="sm-329">
         <name>VL53L0X_perform_vhv_calibration</name>
         <value>0x5bef</value>
         <object_component_ref idref="oc-128"/>
      </symbol>
      <symbol id="sm-32a">
         <name>refArrayQuadrants</name>
         <value>0x200002ac</value>
         <object_component_ref idref="oc-1ce"/>
      </symbol>
      <symbol id="sm-32b">
         <name>count_enabled_spads</name>
         <value>0x5205</value>
         <object_component_ref idref="oc-128"/>
      </symbol>
      <symbol id="sm-32c">
         <name>VL53L0X_perform_single_ref_calibration</name>
         <value>0x5a73</value>
         <object_component_ref idref="oc-128"/>
      </symbol>
      <symbol id="sm-32d">
         <name>VL53L0X_perform_xtalk_calibration</name>
         <value>0x4c75</value>
         <object_component_ref idref="oc-128"/>
      </symbol>
      <symbol id="sm-32e">
         <name>enable_spad_bit</name>
         <value>0x51a5</value>
         <object_component_ref idref="oc-128"/>
      </symbol>
      <symbol id="sm-32f">
         <name>VL53L0X_perform_ref_calibration</name>
         <value>0x5d89</value>
         <object_component_ref idref="oc-128"/>
      </symbol>
      <symbol id="sm-330">
         <name>VL53L0X_ref_calibration_io</name>
         <value>0x5ad7</value>
         <object_component_ref idref="oc-128"/>
      </symbol>
      <symbol id="sm-331">
         <name>VL53L0X_set_offset_calibration_data_micro_meter</name>
         <value>0x4f71</value>
         <object_component_ref idref="oc-128"/>
      </symbol>
      <symbol id="sm-332">
         <name>perform_ref_signal_measurement</name>
         <value>0x5435</value>
         <object_component_ref idref="oc-128"/>
      </symbol>
      <symbol id="sm-333">
         <name>VL53L0X_get_ref_calibration</name>
         <value>0x5e4b</value>
         <object_component_ref idref="oc-128"/>
      </symbol>
      <symbol id="sm-334">
         <name>VL53L0X_set_ref_calibration</name>
         <value>0x5e07</value>
         <object_component_ref idref="oc-128"/>
      </symbol>
      <symbol id="sm-335">
         <name>VL53L0X_perform_ref_spad_management</name>
         <value>0x54e5</value>
         <object_component_ref idref="oc-128"/>
      </symbol>
      <symbol id="sm-336">
         <name>VL53L0X_get_offset_calibration_data_micro_meter</name>
         <value>0x4fe5</value>
         <object_component_ref idref="oc-128"/>
      </symbol>
      <symbol id="sm-337">
         <name>VL53L0X_set_reference_spads</name>
         <value>0x58a1</value>
         <object_component_ref idref="oc-128"/>
      </symbol>
      <symbol id="sm-338">
         <name>VL53L0X_get_reference_spads</name>
         <value>0x59cb</value>
         <object_component_ref idref="oc-128"/>
      </symbol>
      <symbol id="sm-339">
         <name>get_ref_spad_map</name>
         <value>0x5327</value>
         <object_component_ref idref="oc-128"/>
      </symbol>
      <symbol id="sm-33a">
         <name>get_next_good_spad</name>
         <value>0x50bf</value>
         <object_component_ref idref="oc-128"/>
      </symbol>
      <symbol id="sm-33b">
         <name>VL53L0X_apply_offset_adjustment</name>
         <value>0x505d</value>
         <object_component_ref idref="oc-128"/>
      </symbol>
      <symbol id="sm-33c">
         <name>is_aperture</name>
         <value>0x517b</value>
         <object_component_ref idref="oc-128"/>
      </symbol>
      <symbol id="sm-33d">
         <name>VL53L0X_perform_offset_calibration</name>
         <value>0x4e1f</value>
         <object_component_ref idref="oc-128"/>
      </symbol>
      <symbol id="sm-33e">
         <name>set_ref_spad_map</name>
         <value>0x530b</value>
         <object_component_ref idref="oc-128"/>
      </symbol>
      <symbol id="sm-33f">
         <name>enable_ref_spads</name>
         <value>0x5343</value>
         <object_component_ref idref="oc-128"/>
      </symbol>
      <symbol id="sm-340">
         <name>VL53L0X_perform_phase_calibration</name>
         <value>0x5cbf</value>
         <object_component_ref idref="oc-128"/>
      </symbol>
      <symbol id="sm-42b">
         <name>VL53L0X_calc_dmax</name>
         <value>0x4369</value>
         <object_component_ref idref="oc-12e"/>
      </symbol>
      <symbol id="sm-42c">
         <name>set_sequence_step_timeout</name>
         <value>0x3769</value>
         <object_component_ref idref="oc-12e"/>
      </symbol>
      <symbol id="sm-42d">
         <name>VL53L0X_encode_timeout</name>
         <value>0x34c9</value>
         <object_component_ref idref="oc-12e"/>
      </symbol>
      <symbol id="sm-42e">
         <name>VL53L0X_get_info_from_device</name>
         <value>0x2ccd</value>
         <object_component_ref idref="oc-12e"/>
      </symbol>
      <symbol id="sm-42f">
         <name>VL53L0X_set_vcsel_pulse_period</name>
         <value>0x3927</value>
         <object_component_ref idref="oc-12e"/>
      </symbol>
      <symbol id="sm-430">
         <name>VL53L0X_reverse_bytes</name>
         <value>0x2ab1</value>
         <object_component_ref idref="oc-12e"/>
      </symbol>
      <symbol id="sm-431">
         <name>VL53L0X_encode_vcsel_period</name>
         <value>0x2b89</value>
         <object_component_ref idref="oc-12e"/>
      </symbol>
      <symbol id="sm-432">
         <name>VL53L0X_get_total_signal_rate</name>
         <value>0x4329</value>
         <object_component_ref idref="oc-12e"/>
      </symbol>
      <symbol id="sm-433">
         <name>VL53L0X_calc_timeout_us</name>
         <value>0x3591</value>
         <object_component_ref idref="oc-12e"/>
      </symbol>
      <symbol id="sm-434">
         <name>VL53L0X_decode_vcsel_period</name>
         <value>0x2b67</value>
         <object_component_ref idref="oc-12e"/>
      </symbol>
      <symbol id="sm-435">
         <name>VL53L0X_set_measurement_timing_budget_micro_seconds</name>
         <value>0x3e1d</value>
         <object_component_ref idref="oc-12e"/>
      </symbol>
      <symbol id="sm-436">
         <name>VL53L0X_get_total_xtalk_rate</name>
         <value>0x42d5</value>
         <object_component_ref idref="oc-12e"/>
      </symbol>
      <symbol id="sm-437">
         <name>get_sequence_step_timeout</name>
         <value>0x35df</value>
         <object_component_ref idref="oc-12e"/>
      </symbol>
      <symbol id="sm-438">
         <name>VL53L0X_decode_timeout</name>
         <value>0x351d</value>
         <object_component_ref idref="oc-12e"/>
      </symbol>
      <symbol id="sm-439">
         <name>VL53L0X_isqrt</name>
         <value>0x2bab</value>
         <object_component_ref idref="oc-12e"/>
      </symbol>
      <symbol id="sm-43a">
         <name>VL53L0X_get_vcsel_pulse_period</name>
         <value>0x3db7</value>
         <object_component_ref idref="oc-12e"/>
      </symbol>
      <symbol id="sm-43b">
         <name>VL53L0X_get_measurement_timing_budget_micro_seconds</name>
         <value>0x3fc9</value>
         <object_component_ref idref="oc-12e"/>
      </symbol>
      <symbol id="sm-43c">
         <name>VL53L0X_calc_timeout_mclks</name>
         <value>0x3547</value>
         <object_component_ref idref="oc-12e"/>
      </symbol>
      <symbol id="sm-43d">
         <name>VL53L0X_get_pal_range_status</name>
         <value>0x4919</value>
         <object_component_ref idref="oc-12e"/>
      </symbol>
      <symbol id="sm-43e">
         <name>VL53L0X_device_read_strobe</name>
         <value>0x2c4f</value>
         <object_component_ref idref="oc-12e"/>
      </symbol>
      <symbol id="sm-43f">
         <name>VL53L0X_load_tuning_settings</name>
         <value>0x40fd</value>
         <object_component_ref idref="oc-12e"/>
      </symbol>
      <symbol id="sm-440">
         <name>VL53L0X_calc_sigma_estimate</name>
         <value>0x4569</value>
         <object_component_ref idref="oc-12e"/>
      </symbol>
      <symbol id="sm-441">
         <name>VL53L0X_measurement_poll_for_completion</name>
         <value>0x2b11</value>
         <object_component_ref idref="oc-12e"/>
      </symbol>
      <symbol id="sm-442">
         <name>VL53L0X_calc_macro_period_ps</name>
         <value>0x349b</value>
         <object_component_ref idref="oc-12e"/>
      </symbol>
      <symbol id="sm-443">
         <name>VL53L0X_quadrature_sum</name>
         <value>0x2c11</value>
         <object_component_ref idref="oc-12e"/>
      </symbol>
      <symbol id="sm-4fa">
         <name>VL53L0X_get_range_status_string</name>
         <value>0x60bb</value>
         <object_component_ref idref="oc-122"/>
      </symbol>
      <symbol id="sm-4fb">
         <name>VL53L0X_get_device_info</name>
         <value>0x5efd</value>
         <object_component_ref idref="oc-122"/>
      </symbol>
      <symbol id="sm-4fc">
         <name>VL53L0X_get_sequence_steps_info</name>
         <value>0x64f1</value>
         <object_component_ref idref="oc-122"/>
      </symbol>
      <symbol id="sm-4fd">
         <name>VL53L0X_get_pal_error_string</name>
         <value>0x6325</value>
         <object_component_ref idref="oc-122"/>
      </symbol>
      <symbol id="sm-4fe">
         <name>VL53L0X_get_limit_check_info</name>
         <value>0x66e7</value>
         <object_component_ref idref="oc-122"/>
      </symbol>
      <symbol id="sm-4ff">
         <name>VL53L0X_get_device_error_string</name>
         <value>0x5fb7</value>
         <object_component_ref idref="oc-122"/>
      </symbol>
      <symbol id="sm-500">
         <name>VL53L0X_get_pal_state_string</name>
         <value>0x6463</value>
         <object_component_ref idref="oc-122"/>
      </symbol>
      <symbol id="sm-501">
         <name>VL53L0X_check_part_used</name>
         <value>0x5e95</value>
         <object_component_ref idref="oc-122"/>
      </symbol>
      <symbol id="sm-555">
         <name>VL53L0X_read_byte</name>
         <value>0x6af1</value>
         <object_component_ref idref="oc-c6"/>
      </symbol>
      <symbol id="sm-556">
         <name>VL53L0X_write_dword</name>
         <value>0x6ab1</value>
         <object_component_ref idref="oc-c6"/>
      </symbol>
      <symbol id="sm-557">
         <name>VL53L0X_read_word</name>
         <value>0x6b0f</value>
         <object_component_ref idref="oc-c6"/>
      </symbol>
      <symbol id="sm-558">
         <name>VL53L0X_write_byte</name>
         <value>0x6a57</value>
         <object_component_ref idref="oc-c6"/>
      </symbol>
      <symbol id="sm-559">
         <name>VL53L0X_write_multi</name>
         <value>0x68cd</value>
         <object_component_ref idref="oc-c6"/>
      </symbol>
      <symbol id="sm-55a">
         <name>VL53L0X_read_multi</name>
         <value>0x697b</value>
         <object_component_ref idref="oc-c6"/>
      </symbol>
      <symbol id="sm-55b">
         <name>VL53L0X_write_word</name>
         <value>0x6a79</value>
         <object_component_ref idref="oc-c6"/>
      </symbol>
      <symbol id="sm-55c">
         <name>VL53L0X_read_dword</name>
         <value>0x6b75</value>
         <object_component_ref idref="oc-c6"/>
      </symbol>
      <symbol id="sm-55d">
         <name>VL53L0X_i2c_init</name>
         <value>0x6885</value>
         <object_component_ref idref="oc-c6"/>
      </symbol>
      <symbol id="sm-58f">
         <name>VL53L0X_RdDWord</name>
         <value>0x6e87</value>
         <object_component_ref idref="oc-11c"/>
      </symbol>
      <symbol id="sm-590">
         <name>VL53L0X_PollingDelay</name>
         <value>0x6ec9</value>
         <object_component_ref idref="oc-11c"/>
      </symbol>
      <symbol id="sm-591">
         <name>VL53L0X_WrWord</name>
         <value>0x6cf9</value>
         <object_component_ref idref="oc-11c"/>
      </symbol>
      <symbol id="sm-592">
         <name>VL53L0X_LockSequenceAccess</name>
         <value>0x6be5</value>
         <object_component_ref idref="oc-11c"/>
      </symbol>
      <symbol id="sm-593">
         <name>VL53L0X_ReadMulti</name>
         <value>0x6c65</value>
         <object_component_ref idref="oc-11c"/>
      </symbol>
      <symbol id="sm-594">
         <name>VL53L0X_UnlockSequenceAccess</name>
         <value>0x6bf9</value>
         <object_component_ref idref="oc-11c"/>
      </symbol>
      <symbol id="sm-595">
         <name>VL53L0X_RdWord</name>
         <value>0x6e45</value>
         <object_component_ref idref="oc-11c"/>
      </symbol>
      <symbol id="sm-596">
         <name>VL53L0X_WrByte</name>
         <value>0x6cb9</value>
         <object_component_ref idref="oc-11c"/>
      </symbol>
      <symbol id="sm-597">
         <name>VL53L0X_UpdateByte</name>
         <value>0x6d81</value>
         <object_component_ref idref="oc-11c"/>
      </symbol>
      <symbol id="sm-598">
         <name>VL53L0X_RdByte</name>
         <value>0x6e03</value>
         <object_component_ref idref="oc-11c"/>
      </symbol>
      <symbol id="sm-599">
         <name>VL53L0X_WrDWord</name>
         <value>0x6d3f</value>
         <object_component_ref idref="oc-11c"/>
      </symbol>
      <symbol id="sm-59a">
         <name>VL53L0X_WriteMulti</name>
         <value>0x6c0d</value>
         <object_component_ref idref="oc-11c"/>
      </symbol>
      <symbol id="sm-5b5">
         <name>memcpy</name>
         <value>0x7279</value>
         <object_component_ref idref="oc-38"/>
      </symbol>
      <symbol id="sm-5b6">
         <name>__aeabi_memcpy</name>
         <value>0x7279</value>
         <object_component_ref idref="oc-38"/>
      </symbol>
      <symbol id="sm-5b7">
         <name>__aeabi_memcpy8</name>
         <value>0x7279</value>
         <object_component_ref idref="oc-38"/>
      </symbol>
      <symbol id="sm-5b8">
         <name>__aeabi_memcpy4</name>
         <value>0x7279</value>
         <object_component_ref idref="oc-38"/>
      </symbol>
      <symbol id="sm-5d0">
         <name>__TI_decompress_none</name>
         <value>0x7573</value>
         <object_component_ref idref="oc-18"/>
      </symbol>
      <symbol id="sm-5f3">
         <name>__TI_decompress_lzss</name>
         <value>0x7315</value>
         <object_component_ref idref="oc-12"/>
      </symbol>
      <symbol id="sm-606">
         <name>__stack</name>
         <value>0x200002c0</value>
         <object_component_ref idref="oc-21"/>
      </symbol>
      <symbol id="sm-607">
         <name>_c_int00_noargs</name>
         <value>0x74a5</value>
         <object_component_ref idref="oc-56"/>
      </symbol>
      <symbol id="sm-612">
         <name>C$$EXIT</name>
         <value>0x75b7</value>
         <object_component_ref idref="oc-dc"/>
      </symbol>
      <symbol id="sm-613">
         <name>abort</name>
         <value>0x75b7</value>
         <object_component_ref idref="oc-dc"/>
      </symbol>
      <symbol id="sm-623">
         <name>strcpy</name>
         <value>0x753b</value>
         <object_component_ref idref="oc-1c6"/>
      </symbol>
      <symbol id="sm-64c">
         <name>__TI_auto_init_nobinit_nopinit</name>
         <value>0x7461</value>
         <object_component_ref idref="oc-e8"/>
      </symbol>
      <symbol id="sm-656">
         <name>_system_pre_init</name>
         <value>0x75b3</value>
         <object_component_ref idref="oc-92"/>
      </symbol>
      <symbol id="sm-696">
         <name>GPIOPinConfigure</name>
         <value>0x7419</value>
         <object_component_ref idref="oc-150"/>
      </symbol>
      <symbol id="sm-697">
         <name>GPIOPinTypeI2CSCL</name>
         <value>0x7561</value>
         <object_component_ref idref="oc-156"/>
      </symbol>
      <symbol id="sm-698">
         <name>GPIOPinTypeI2C</name>
         <value>0x754f</value>
         <object_component_ref idref="oc-15c"/>
      </symbol>
      <symbol id="sm-699">
         <name>GPIODirModeSet</name>
         <value>0x7511</value>
         <object_component_ref idref="oc-1ea"/>
      </symbol>
      <symbol id="sm-69a">
         <name>GPIOPadConfigSet</name>
         <value>0x7035</value>
         <object_component_ref idref="oc-1f0"/>
      </symbol>
      <symbol id="sm-6db">
         <name>I2CMasterDataPut</name>
         <value>0x75af</value>
         <object_component_ref idref="oc-174"/>
      </symbol>
      <symbol id="sm-6dc">
         <name>I2CMasterInitExpClk</name>
         <value>0x73cd</value>
         <object_component_ref idref="oc-168"/>
      </symbol>
      <symbol id="sm-6dd">
         <name>I2CMasterSlaveAddrSet</name>
         <value>0x759f</value>
         <object_component_ref idref="oc-16e"/>
      </symbol>
      <symbol id="sm-6de">
         <name>I2CMasterDataGet</name>
         <value>0x75ab</value>
         <object_component_ref idref="oc-186"/>
      </symbol>
      <symbol id="sm-6df">
         <name>I2CMasterControl</name>
         <value>0x75a7</value>
         <object_component_ref idref="oc-17a"/>
      </symbol>
      <symbol id="sm-6e0">
         <name>I2CMasterBusy</name>
         <value>0x7597</value>
         <object_component_ref idref="oc-180"/>
      </symbol>
      <symbol id="sm-6e1">
         <name>I2CMasterEnable</name>
         <value>0x758d</value>
         <object_component_ref idref="oc-1fc"/>
      </symbol>
      <symbol id="sm-728">
         <name>SysCtlPeripheralEnable</name>
         <value>0x74dd</value>
         <object_component_ref idref="oc-144"/>
      </symbol>
      <symbol id="sm-729">
         <name>SysCtlClockGet</name>
         <value>0x7169</value>
         <object_component_ref idref="oc-162"/>
      </symbol>
      <symbol id="sm-72a">
         <name>SysCtlPeripheralReset</name>
         <value>0x737d</value>
         <object_component_ref idref="oc-14a"/>
      </symbol>
      <symbol id="sm-72c">
         <name>__TI_static_base__</name>
         <value>0x0</value>
      </symbol>
      <symbol id="sm-72f">
         <name>__mpu_init</name>
         <value>0x0</value>
      </symbol>
      <symbol id="sm-730">
         <name>_system_post_cinit</name>
         <value>0x0</value>
      </symbol>
   </symbol_table>
   <title>Link successful</title>
</link_info>
